Archive member included to satisfy reference by file (symbol)

C:/Program Files (x86)/Arm GNU Toolchain arm-none-eabi/13.2 Rel1/bin/../lib/gcc/arm-none-eabi/13.2.1/thumb/v6-m/nofp\libc_nano.a(libc_a-exit.o)
                              C:/Program Files (x86)/Arm GNU Toolchain arm-none-eabi/13.2 Rel1/bin/../lib/gcc/arm-none-eabi/13.2.1/thumb/v6-m/nofp/crt0.o (exit)
C:/Program Files (x86)/Arm GNU Toolchain arm-none-eabi/13.2 Rel1/bin/../lib/gcc/arm-none-eabi/13.2.1/thumb/v6-m/nofp\libc_nano.a(libc_a-findfp.o)
                              C:/Program Files (x86)/Arm GNU Toolchain arm-none-eabi/13.2 Rel1/bin/../lib/gcc/arm-none-eabi/13.2.1/thumb/v6-m/nofp\libc_nano.a(libc_a-exit.o) (__stdio_exit_handler)
C:/Program Files (x86)/Arm GNU Toolchain arm-none-eabi/13.2 Rel1/bin/../lib/gcc/arm-none-eabi/13.2.1/thumb/v6-m/nofp\libc_nano.a(libc_a-fwalk.o)
                              C:/Program Files (x86)/Arm GNU Toolchain arm-none-eabi/13.2 Rel1/bin/../lib/gcc/arm-none-eabi/13.2.1/thumb/v6-m/nofp\libc_nano.a(libc_a-findfp.o) (_fwalk_sglue)
C:/Program Files (x86)/Arm GNU Toolchain arm-none-eabi/13.2 Rel1/bin/../lib/gcc/arm-none-eabi/13.2.1/thumb/v6-m/nofp\libc_nano.a(libc_a-snprintf.o)
                              build/debug/build/LCD_I2C.o (snprintf)
C:/Program Files (x86)/Arm GNU Toolchain arm-none-eabi/13.2 Rel1/bin/../lib/gcc/arm-none-eabi/13.2.1/thumb/v6-m/nofp\libc_nano.a(libc_a-stdio.o)
                              C:/Program Files (x86)/Arm GNU Toolchain arm-none-eabi/13.2 Rel1/bin/../lib/gcc/arm-none-eabi/13.2.1/thumb/v6-m/nofp\libc_nano.a(libc_a-findfp.o) (__sread)
C:/Program Files (x86)/Arm GNU Toolchain arm-none-eabi/13.2 Rel1/bin/../lib/gcc/arm-none-eabi/13.2.1/thumb/v6-m/nofp\libc_nano.a(libc_a-memset.o)
                              C:/Program Files (x86)/Arm GNU Toolchain arm-none-eabi/13.2 Rel1/bin/../lib/gcc/arm-none-eabi/13.2.1/thumb/v6-m/nofp/crt0.o (memset)
C:/Program Files (x86)/Arm GNU Toolchain arm-none-eabi/13.2 Rel1/bin/../lib/gcc/arm-none-eabi/13.2.1/thumb/v6-m/nofp\libc_nano.a(libc_a-closer.o)
                              C:/Program Files (x86)/Arm GNU Toolchain arm-none-eabi/13.2 Rel1/bin/../lib/gcc/arm-none-eabi/13.2.1/thumb/v6-m/nofp\libc_nano.a(libc_a-stdio.o) (_close_r)
C:/Program Files (x86)/Arm GNU Toolchain arm-none-eabi/13.2 Rel1/bin/../lib/gcc/arm-none-eabi/13.2.1/thumb/v6-m/nofp\libc_nano.a(libc_a-reent.o)
                              C:/Program Files (x86)/Arm GNU Toolchain arm-none-eabi/13.2 Rel1/bin/../lib/gcc/arm-none-eabi/13.2.1/thumb/v6-m/nofp\libc_nano.a(libc_a-closer.o) (errno)
C:/Program Files (x86)/Arm GNU Toolchain arm-none-eabi/13.2 Rel1/bin/../lib/gcc/arm-none-eabi/13.2.1/thumb/v6-m/nofp\libc_nano.a(libc_a-impure.o)
                              C:/Program Files (x86)/Arm GNU Toolchain arm-none-eabi/13.2 Rel1/bin/../lib/gcc/arm-none-eabi/13.2.1/thumb/v6-m/nofp\libc_nano.a(libc_a-snprintf.o) (_impure_ptr)
C:/Program Files (x86)/Arm GNU Toolchain arm-none-eabi/13.2 Rel1/bin/../lib/gcc/arm-none-eabi/13.2.1/thumb/v6-m/nofp\libc_nano.a(libc_a-lseekr.o)
                              C:/Program Files (x86)/Arm GNU Toolchain arm-none-eabi/13.2 Rel1/bin/../lib/gcc/arm-none-eabi/13.2.1/thumb/v6-m/nofp\libc_nano.a(libc_a-stdio.o) (_lseek_r)
C:/Program Files (x86)/Arm GNU Toolchain arm-none-eabi/13.2 Rel1/bin/../lib/gcc/arm-none-eabi/13.2.1/thumb/v6-m/nofp\libc_nano.a(libc_a-readr.o)
                              C:/Program Files (x86)/Arm GNU Toolchain arm-none-eabi/13.2 Rel1/bin/../lib/gcc/arm-none-eabi/13.2.1/thumb/v6-m/nofp\libc_nano.a(libc_a-stdio.o) (_read_r)
C:/Program Files (x86)/Arm GNU Toolchain arm-none-eabi/13.2 Rel1/bin/../lib/gcc/arm-none-eabi/13.2.1/thumb/v6-m/nofp\libc_nano.a(libc_a-writer.o)
                              C:/Program Files (x86)/Arm GNU Toolchain arm-none-eabi/13.2 Rel1/bin/../lib/gcc/arm-none-eabi/13.2.1/thumb/v6-m/nofp\libc_nano.a(libc_a-stdio.o) (_write_r)
C:/Program Files (x86)/Arm GNU Toolchain arm-none-eabi/13.2 Rel1/bin/../lib/gcc/arm-none-eabi/13.2.1/thumb/v6-m/nofp\libc_nano.a(libc_a-init.o)
                              C:/Program Files (x86)/Arm GNU Toolchain arm-none-eabi/13.2 Rel1/bin/../lib/gcc/arm-none-eabi/13.2.1/thumb/v6-m/nofp/crt0.o (__libc_init_array)
C:/Program Files (x86)/Arm GNU Toolchain arm-none-eabi/13.2 Rel1/bin/../lib/gcc/arm-none-eabi/13.2.1/thumb/v6-m/nofp\libc_nano.a(libc_a-lock.o)
                              C:/Program Files (x86)/Arm GNU Toolchain arm-none-eabi/13.2 Rel1/bin/../lib/gcc/arm-none-eabi/13.2.1/thumb/v6-m/nofp\libc_nano.a(libc_a-findfp.o) (__retarget_lock_init_recursive)
C:/Program Files (x86)/Arm GNU Toolchain arm-none-eabi/13.2 Rel1/bin/../lib/gcc/arm-none-eabi/13.2.1/thumb/v6-m/nofp\libc_nano.a(libc_a-strlen.o)
                              build/debug/build/main.o (strlen)
C:/Program Files (x86)/Arm GNU Toolchain arm-none-eabi/13.2 Rel1/bin/../lib/gcc/arm-none-eabi/13.2.1/thumb/v6-m/nofp\libc_nano.a(libc_a-freer.o)
[...]
Memory Configuration

Name             Origin             Length             Attributes
RAM              0x20000000         0x00003000         xrw
FLASH            0x08000000         0x00008000         xr
*default*        0x00000000         0xffffffff

Linker script and memory map

LOAD C:/Program Files (x86)/Arm GNU Toolchain arm-none-eabi/13.2 Rel1/bin/../lib/gcc/arm-none-eabi/13.2.1/thumb/v6-m/nofp/crti.o
LOAD C:/Program Files (x86)/Arm GNU Toolchain arm-none-eabi/13.2 Rel1/bin/../lib/gcc/arm-none-eabi/13.2.1/thumb/v6-m/nofp/crtbegin.o
LOAD C:/Program Files (x86)/Arm GNU Toolchain arm-none-eabi/13.2 Rel1/bin/../lib/gcc/arm-none-eabi/13.2.1/thumb/v6-m/nofp/crt0.o
LOAD build/debug/build/main.o
LOAD build/debug/build/stm32c0xx_it.o
LOAD build/debug/build/stm32c0xx_hal_msp.o
LOAD build/debug/build/stm32c0xx_hal.o
LOAD build/debug/build/stm32c0xx_hal_cortex.o
LOAD build/debug/build/stm32c0xx_hal_rcc.o
LOAD build/debug/build/stm32c0xx_hal_rcc_ex.o
LOAD build/debug/build/stm32c0xx_hal_flash.o
LOAD build/debug/build/stm32c0xx_hal_flash_ex.o
LOAD build/debug/build/stm32c0xx_hal_gpio.o
LOAD build/debug/build/stm32c0xx_hal_dma.o
LOAD build/debug/build/stm32c0xx_hal_dma_ex.o
LOAD build/debug/build/stm32c0xx_hal_pwr.o
LOAD build/debug/build/stm32c0xx_hal_pwr_ex.o
LOAD build/debug/build/stm32c0xx_hal_exti.o
LOAD build/debug/build/stm32c0xx_hal_i2c.o
LOAD build/debug/build/stm32c0xx_hal_i2c_ex.o
LOAD build/debug/build/stm32c0xx_hal_uart.o
LOAD build/debug/build/stm32c0xx_hal_uart_ex.o
LOAD build/debug/build/system_stm32c0xx.o
LOAD build/debug/build/LCD_I2C.o
LOAD build/debug/build/startup_stm32c031xx.o
LOAD C:/Program Files (x86)/Arm GNU Toolchain arm-none-eabi/13.2 Rel1/bin/../lib/gcc/arm-none-eabi/13.2.1/thumb/v6-m/nofp\libc_nano.a
LOAD C:/Program Files (x86)/Arm GNU Toolchain arm-none-eabi/13.2 Rel1/bin/../lib/gcc/arm-none-eabi/13.2.1/thumb/v6-m/nofp\libm.a
LOAD C:/Program Files (x86)/Arm GNU Toolchain arm-none-eabi/13.2 Rel1/bin/../lib/gcc/arm-none-eabi/13.2.1/thumb/v6-m/nofp\libnosys.a
START GROUP
LOAD C:/Program Files (x86)/Arm GNU Toolchain arm-none-eabi/13.2 Rel1/bin/../lib/gcc/arm-none-eabi/13.2.1/thumb/v6-m/nofp\libgcc.a
LOAD C:/Program Files (x86)/Arm GNU Toolchain arm-none-eabi/13.2 Rel1/bin/../lib/gcc/arm-none-eabi/13.2.1/thumb/v6-m/nofp\libc_nano.a
END GROUP
START GROUP
LOAD C:/Program Files (x86)/Arm GNU Toolchain arm-none-eabi/13.2 Rel1/bin/../lib/gcc/arm-none-eabi/13.2.1/thumb/v6-m/nofp\libgcc.a
LOAD C:/Program Files (x86)/Arm GNU Toolchain arm-none-eabi/13.2 Rel1/bin/../lib/gcc/arm-none-eabi/13.2.1/thumb/v6-m/nofp\libc_nano.a
END GROUP
LOAD C:/Program Files (x86)/Arm GNU Toolchain arm-none-eabi/13.2 Rel1/bin/../lib/gcc/arm-none-eabi/13.2.1/thumb/v6-m/nofp/crtend.o
LOAD C:/Program Files (x86)/Arm GNU Toolchain arm-none-eabi/13.2 Rel1/bin/../lib/gcc/arm-none-eabi/13.2.1/thumb/v6-m/nofp/crtn.o
                0x20003000                        _estack = (ORIGIN (RAM) + LENGTH (RAM))
                0x00000200                        _Min_Heap_Size = 0x200
                0x00000400                        _Min_Stack_Size = 0x400

.isr_vector     0x08000000       0xc0
                0x08000000                        . = ALIGN (0x4)
 *(.isr_vector)
 .isr_vector    0x08000000       0xc0 build/debug/build/startup_stm32c031xx.o
                0x08000000                g_pfnVectors
                0x080000c0                        . = ALIGN (0x4)

.text           0x080000c0     0x2ad8
                0x080000c0                        . = ALIGN (0x4)
 *(.text)
 .text          0x080000c0        0xe C:/Program Files (x86)/Arm GNU Toolchain arm-none-eabi/13.2 Rel1/bin/../lib/gcc/arm-none-eabi/13.2.1/thumb/v6-m/nofp\libc_nano.a(libc_a-strlen.o)
                0x080000c0                strlen
 *fill*         0x080000ce        0x2 
 .text          0x080000d0       0x14 C:/Program Files (x86)/Arm GNU Toolchain arm-none-eabi/13.2 Rel1/bin/../lib/gcc/arm-none-eabi/13.2.1/thumb/v6-m/nofp\libgcc.a(_thumb1_case_shi.o)
                0x080000d0                __gnu_thumb1_case_shi
 .text          0x080000e4      0x114 C:/Program Files (x86)/Arm GNU Toolchain arm-none-eabi/13.2 Rel1/bin/../lib/gcc/arm-none-eabi/13.2.1/thumb/v6-m/nofp\libgcc.a(_udivsi3.o)
                0x080000e4                __aeabi_uidiv
                0x080000e4                __udivsi3
                0x080001f0                __aeabi_uidivmod
 .text          0x080001f8      0x1d4 C:/Program Files (x86)/Arm GNU Toolchain arm-none-eabi/13.2 Rel1/bin/../lib/gcc/arm-none-eabi/13.2.1/thumb/v6-m/nofp\libgcc.a(_divsi3.o)
                0x080001f8                __divsi3
                0x080001f8                __aeabi_idiv
                0x080003c4                __aeabi_idivmod
 .text          0x080003cc        0x4 C:/Program Files (x86)/Arm GNU Toolchain arm-none-eabi/13.2 Rel1/bin/../lib/gcc/arm-none-eabi/13.2.1/thumb/v6-m/nofp\libgcc.a(_dvmd_tls.o)
                0x080003cc                __aeabi_idiv0
                0x080003cc                __aeabi_ldiv0
 *(.text*)
 .text.deregister_tm_clones
                0x080003d0       0x20 C:/Program Files (x86)/Arm GNU Toolchain arm-none-eabi/13.2 Rel1/bin/../lib/gcc/arm-none-eabi/13.2.1/thumb/v6-m/nofp/crtbegin.o
 .text.register_tm_clones
                0x080003f0       0x28 C:/Program Files (x86)/Arm GNU Toolchain arm-none-eabi/13.2 Rel1/bin/../lib/gcc/arm-none-eabi/13.2.1/thumb/v6-m/nofp/crtbegin.o
 .text.__do_global_dtors_aux
                0x08000418       0x2c C:/Program Files (x86)/Arm GNU Toolchain arm-none-eabi/13.2 Rel1/bin/../lib/gcc/arm-none-eabi/13.2.1/thumb/v6-m/nofp/crtbegin.o
 .text.frame_dummy
                0x08000444       0x24 C:/Program Files (x86)/Arm GNU Toolchain arm-none-eabi/13.2 Rel1/bin/../lib/gcc/arm-none-eabi/13.2.1/thumb/v6-m/nofp/crtbegin.o
 .text.MX_GPIO_Init
                0x08000468       0xa8 build/debug/build/main.o
 .text.Error_Handler
                0x08000510        0x4 build/debug/build/main.o
                0x08000510                Error_Handler
 .text.MX_I2C1_Init
                0x08000514       0x58 build/debug/build/main.o
 .text.MX_USART2_UART_Init
                0x0800056c       0x3c build/debug/build/main.o
 .text.SystemClock_Config
                0x080005a8       0x54 build/debug/build/main.o
                0x080005a8                SystemClock_Config
 .text.main     0x080005fc      0x170 build/debug/build/main.o
                0x080005fc                main
 .text.NMI_Handler
                0x0800076c        0x2 build/debug/build/stm32c0xx_it.o
                0x0800076c                NMI_Handler
 .text.HardFault_Handler
                0x0800076e        0x2 build/debug/build/stm32c0xx_it.o
                0x0800076e                HardFault_Handler
 .text.SVC_Handler
                0x08000770        0x2 build/debug/build/stm32c0xx_it.o
                0x08000770                SVC_Handler
 .text.PendSV_Handler
                0x08000772        0x2 build/debug/build/stm32c0xx_it.o
                0x08000772                PendSV_Handler
 .text.SysTick_Handler
                0x08000774        0x8 build/debug/build/stm32c0xx_it.o
                0x08000774                SysTick_Handler
 .text.EXTI4_15_IRQHandler
                0x0800077c        0xc build/debug/build/stm32c0xx_it.o
                0x0800077c                EXTI4_15_IRQHandler
 .text.HAL_MspInit
                0x08000788       0x30 build/debug/build/stm32c0xx_hal_msp.o
                0x08000788                HAL_MspInit
 .text.HAL_I2C_MspInit
                0x080007b8       0x88 build/debug/build/stm32c0xx_hal_msp.o
                0x080007b8                HAL_I2C_MspInit
 .text.HAL_UART_MspInit
                0x08000840       0x60 build/debug/build/stm32c0xx_hal_msp.o
                0x08000840                HAL_UART_MspInit
 .text.HAL_InitTick
                0x080008a0       0x58 build/debug/build/stm32c0xx_hal.o
                0x080008a0                HAL_InitTick
 .text.HAL_Init
                0x080008f8       0x18 build/debug/build/stm32c0xx_hal.o
                0x080008f8                HAL_Init
 .text.HAL_IncTick
                0x08000910       0x18 build/debug/build/stm32c0xx_hal.o
                0x08000910                HAL_IncTick
 .text.HAL_GetTick
                0x08000928        0xc build/debug/build/stm32c0xx_hal.o
                0x08000928                HAL_GetTick
 .text.HAL_Delay
                0x08000934       0x24 build/debug/build/stm32c0xx_hal.o
                0x08000934                HAL_Delay
 .text.__NVIC_SetPriority
                0x08000958       0x60 build/debug/build/stm32c0xx_hal_cortex.o
 .text.SysTick_Config
                0x080009b8       0x38 build/debug/build/stm32c0xx_hal_cortex.o
 .text.HAL_NVIC_SetPriority
                0x080009f0        0x8 build/debug/build/stm32c0xx_hal_cortex.o
                0x080009f0                HAL_NVIC_SetPriority
 .text.HAL_NVIC_EnableIRQ
                0x080009f8       0x18 build/debug/build/stm32c0xx_hal_cortex.o
                0x080009f8                HAL_NVIC_EnableIRQ
 .text.HAL_SYSTICK_Config
                0x08000a10        0x8 build/debug/build/stm32c0xx_hal_cortex.o
                0x08000a10                HAL_SYSTICK_Config
 .text.HAL_RCC_OscConfig
                0x08000a18      0x2bc build/debug/build/stm32c0xx_hal_rcc.o
                0x08000a18                HAL_RCC_OscConfig
 .text.HAL_RCC_GetSysClockFreq
                0x08000cd4       0x5c build/debug/build/stm32c0xx_hal_rcc.o
                0x08000cd4                HAL_RCC_GetSysClockFreq
 .text.HAL_RCC_ClockConfig
                0x08000d30      0x190 build/debug/build/stm32c0xx_hal_rcc.o
                0x08000d30                HAL_RCC_ClockConfig
 .text.HAL_RCC_GetHCLKFreq
                0x08000ec0        0xc build/debug/build/stm32c0xx_hal_rcc.o
                0x08000ec0                HAL_RCC_GetHCLKFreq
 .text.HAL_RCC_GetPCLK1Freq
                0x08000ecc       0x28 build/debug/build/stm32c0xx_hal_rcc.o
                0x08000ecc                HAL_RCC_GetPCLK1Freq
 .text.HAL_RCCEx_PeriphCLKConfig
                0x08000ef4      0x134 build/debug/build/stm32c0xx_hal_rcc_ex.o
                0x08000ef4                HAL_RCCEx_PeriphCLKConfig
 .text.HAL_GPIO_Init
                0x08001028      0x1bc build/debug/build/stm32c0xx_hal_gpio.o
                0x08001028                HAL_GPIO_Init
 .text.HAL_GPIO_WritePin
                0x080011e4        0xc build/debug/build/stm32c0xx_hal_gpio.o
                0x080011e4                HAL_GPIO_WritePin
 .text.HAL_GPIO_TogglePin
                0x080011f0       0x10 build/debug/build/stm32c0xx_hal_gpio.o
                0x080011f0                HAL_GPIO_TogglePin
 .text.HAL_GPIO_EXTI_Rising_Callback
                0x08001200        0x2 build/debug/build/stm32c0xx_hal_gpio.o
                0x08001200                HAL_GPIO_EXTI_Rising_Callback
 .text.HAL_GPIO_EXTI_Falling_Callback
                0x08001202        0x2 build/debug/build/stm32c0xx_hal_gpio.o
                0x08001202                HAL_GPIO_EXTI_Falling_Callback
 .text.HAL_GPIO_EXTI_IRQHandler
                0x08001204       0x30 build/debug/build/stm32c0xx_hal_gpio.o
                0x08001204                HAL_GPIO_EXTI_IRQHandler
 .text.I2C_Flush_TXDR
                0x08001234       0x1e build/debug/build/stm32c0xx_hal_i2c.o
 *fill*         0x08001252        0x2 
 .text.I2C_TransferConfig
                0x08001254       0x34 build/debug/build/stm32c0xx_hal_i2c.o
 .text.I2C_IsErrorOccurred
                0x08001288      0x118 build/debug/build/stm32c0xx_hal_i2c.o
 .text.I2C_WaitOnTXISFlagUntilTimeout
                0x080013a0       0x5a build/debug/build/stm32c0xx_hal_i2c.o
 .text.I2C_WaitOnFlagUntilTimeout
                0x080013fa       0x70 build/debug/build/stm32c0xx_hal_i2c.o
 .text.I2C_WaitOnSTOPFlagUntilTimeout
                0x0800146a       0x5a build/debug/build/stm32c0xx_hal_i2c.o
 .text.HAL_I2C_Init
                0x080014c4       0xdc build/debug/build/stm32c0xx_hal_i2c.o
                0x080014c4                HAL_I2C_Init
 .text.HAL_I2C_Master_Transmit
                0x080015a0      0x198 build/debug/build/stm32c0xx_hal_i2c.o
                0x080015a0                HAL_I2C_Master_Transmit
 .text.HAL_I2C_IsDeviceReady
                0x08001738      0x18c build/debug/build/stm32c0xx_hal_i2c.o
                0x08001738                HAL_I2C_IsDeviceReady
 .text.HAL_I2CEx_ConfigAnalogFilter
                0x080018c4       0x58 build/debug/build/stm32c0xx_hal_i2c_ex.o
                0x080018c4                HAL_I2CEx_ConfigAnalogFilter
 .text.HAL_I2CEx_ConfigDigitalFilter
                0x0800191c       0x54 build/debug/build/stm32c0xx_hal_i2c_ex.o
                0x0800191c                HAL_I2CEx_ConfigDigitalFilter
 .text.UART_EndRxTransfer
                0x08001970       0x64 build/debug/build/stm32c0xx_hal_uart.o
 .text.UART_SetConfig
                0x080019d4      0x1c4 build/debug/build/stm32c0xx_hal_uart.o
                0x080019d4                UART_SetConfig
 .text.UART_AdvFeatureConfig
                0x08001b98       0xe0 build/debug/build/stm32c0xx_hal_uart.o
                0x08001b98                UART_AdvFeatureConfig
 .text.UART_WaitOnFlagUntilTimeout
                0x08001c78       0x96 build/debug/build/stm32c0xx_hal_uart.o
                0x08001c78                UART_WaitOnFlagUntilTimeout
 .text.HAL_UART_Transmit
                0x08001d0e       0xfc build/debug/build/stm32c0xx_hal_uart.o
                0x08001d0e                HAL_UART_Transmit
 *fill*         0x08001e0a        0x2 
 .text.UART_CheckIdleState
                0x08001e0c       0xd4 build/debug/build/stm32c0xx_hal_uart.o
                0x08001e0c                UART_CheckIdleState
 .text.HAL_UART_Init
                0x08001ee0       0x70 build/debug/build/stm32c0xx_hal_uart.o
                0x08001ee0                HAL_UART_Init
 .text.SystemInit
                0x08001f50       0x10 build/debug/build/system_stm32c0xx.o
                0x08001f50                SystemInit
 .text.I2C_Scan
                0x08001f60       0xa4 build/debug/build/LCD_I2C.o
                0x08001f60                I2C_Scan
 .text.LCD_SendInternal
                0x08002004       0x68 build/debug/build/LCD_I2C.o
                0x08002004                LCD_SendInternal
 .text.LCD_SendCommand
                0x0800206c       0x18 build/debug/build/LCD_I2C.o
                0x0800206c                LCD_SendCommand
 .text.LCD_SendData
                0x08002084       0x18 build/debug/build/LCD_I2C.o
                0x08002084                LCD_SendData
 .text.LCD_Init
                0x0800209c       0x1c build/debug/build/LCD_I2C.o
                0x0800209c                LCD_Init
 .text.LCD_SendString
                0x080020b8       0x14 build/debug/build/LCD_I2C.o
                0x080020b8                LCD_SendString
 .text.LCD_SetCursor
                0x080020cc       0x1a build/debug/build/LCD_I2C.o
                0x080020cc                LCD_SetCursor
 .text.LCD_Clear
                0x080020e6       0x10 build/debug/build/LCD_I2C.o
                0x080020e6                LCD_Clear
 *fill*         0x080020f6        0x2 
 .text.LCD_ShiftText
                0x080020f8       0xc8 build/debug/build/LCD_I2C.o
                0x080020f8                LCD_ShiftText
 .text.Reset_Handler
                0x080021c0       0x50 build/debug/build/startup_stm32c031xx.o
                0x080021c0                Reset_Handler
 .text.Default_Handler
                0x08002210        0x2 build/debug/build/startup_stm32c031xx.o
                0x08002210                TIM1_CC_IRQHandler
                0x08002210                I2C1_IRQHandler
                0x08002210                DMAMUX1_IRQHandler
                0x08002210                SPI1_IRQHandler
                0x08002210                EXTI2_3_IRQHandler
                0x08002210                ADC1_IRQHandler
                0x08002210                TIM17_IRQHandler
                0x08002210                RTC_IRQHandler
                0x08002210                TIM16_IRQHandler
                0x08002210                TIM3_IRQHandler
                0x08002210                RCC_IRQHandler
                0x08002210                DMA1_Channel1_IRQHandler
                0x08002210                Default_Handler
                0x08002210                TIM14_IRQHandler
                0x08002210                EXTI0_1_IRQHandler
                0x08002210                WWDG_IRQHandler
                0x08002210                DMA1_Channel2_3_IRQHandler
                0x08002210                USART2_IRQHandler
                0x08002210                FLASH_IRQHandler
                0x08002210                USART1_IRQHandler
                0x08002210                TIM1_BRK_UP_TRG_COM_IRQHandler
 *fill*         0x08002212        0x2 
 .text.snprintf
                0x08002214       0x68 C:/Program Files (x86)/Arm GNU Toolchain arm-none-eabi/13.2 Rel1/bin/../lib/gcc/arm-none-eabi/13.2.1/thumb/v6-m/nofp\libc_nano.a(libc_a-snprintf.o)
                0x08002214                sniprintf
                0x08002214                snprintf
 .text.memset   0x0800227c       0x10 C:/Program Files (x86)/Arm GNU Toolchain arm-none-eabi/13.2 Rel1/bin/../lib/gcc/arm-none-eabi/13.2.1/thumb/v6-m/nofp\libc_nano.a(libc_a-memset.o)
                0x0800227c                memset
 .text.__libc_init_array
                0x0800228c       0x48 C:/Program Files (x86)/Arm GNU Toolchain arm-none-eabi/13.2 Rel1/bin/../lib/gcc/arm-none-eabi/13.2.1/thumb/v6-m/nofp\libc_nano.a(libc_a-init.o)
                0x0800228c                __libc_init_array
 .text.__retarget_lock_acquire_recursive
                0x080022d4        0x2 C:/Program Files (x86)/Arm GNU Toolchain arm-none-eabi/13.2 Rel1/bin/../lib/gcc/arm-none-eabi/13.2.1/thumb/v6-m/nofp\libc_nano.a(libc_a-lock.o)
                0x080022d4                __retarget_lock_acquire_recursive
 .text.__retarget_lock_release_recursive
                0x080022d6        0x2 C:/Program Files (x86)/Arm GNU Toolchain arm-none-eabi/13.2 Rel1/bin/../lib/gcc/arm-none-eabi/13.2.1/thumb/v6-m/nofp\libc_nano.a(libc_a-lock.o)
                0x080022d6                __retarget_lock_release_recursive
 .text._free_r  0x080022d8       0x94 C:/Program Files (x86)/Arm GNU Toolchain arm-none-eabi/13.2 Rel1/bin/../lib/gcc/arm-none-eabi/13.2.1/thumb/v6-m/nofp\libc_nano.a(libc_a-freer.o)
                0x080022d8                _free_r
 .text.sbrk_aligned
                0x0800236c       0x44 C:/Program Files (x86)/Arm GNU Toolchain arm-none-eabi/13.2 Rel1/bin/../lib/gcc/arm-none-eabi/13.2.1/thumb/v6-m/nofp\libc_nano.a(libc_a-mallocr.o)
 .text._malloc_r
                0x080023b0      0x100 C:/Program Files (x86)/Arm GNU Toolchain arm-none-eabi/13.2 Rel1/bin/../lib/gcc/arm-none-eabi/13.2.1/thumb/v6-m/nofp\libc_nano.a(libc_a-mallocr.o)
                0x080023b0                _malloc_r
 .text.__malloc_lock
                0x080024b0       0x10 C:/Program Files (x86)/Arm GNU Toolchain arm-none-eabi/13.2 Rel1/bin/../lib/gcc/arm-none-eabi/13.2.1/thumb/v6-m/nofp\libc_nano.a(libc_a-mlock.o)
                0x080024b0                __malloc_lock
 .text.__malloc_unlock
                0x080024c0       0x10 C:/Program Files (x86)/Arm GNU Toolchain arm-none-eabi/13.2 Rel1/bin/../lib/gcc/arm-none-eabi/13.2.1/thumb/v6-m/nofp\libc_nano.a(libc_a-mlock.o)
                0x080024c0                __malloc_unlock
 .text.__ssputs_r
                0x080024d0       0xc0 C:/Program Files (x86)/Arm GNU Toolchain arm-none-eabi/13.2 Rel1/bin/../lib/gcc/arm-none-eabi/13.2.1/thumb/v6-m/nofp\libc_nano.a(libc_a-nano-svfprintf.o)
                0x080024d0                __ssputs_r
 .text._svfprintf_r
                0x08002590      0x1fc C:/Program Files (x86)/Arm GNU Toolchain arm-none-eabi/13.2 Rel1/bin/../lib/gcc/arm-none-eabi/13.2.1/thumb/v6-m/nofp\libc_nano.a(libc_a-nano-svfprintf.o)
                0x08002590                _svfiprintf_r
                0x08002590                _svfprintf_r
 .text._printf_common
                0x0800278c       0xde C:/Program Files (x86)/Arm GNU Toolchain arm-none-eabi/13.2 Rel1/bin/../lib/gcc/arm-none-eabi/13.2.1/thumb/v6-m/nofp\libc_nano.a(libc_a-nano-vfprintf_i.o)
                0x0800278c                _printf_common
 *fill*         0x0800286a        0x2 
 .text._printf_i
                0x0800286c      0x218 C:/Program Files (x86)/Arm GNU Toolchain arm-none-eabi/13.2 Rel1/bin/../lib/gcc/arm-none-eabi/13.2.1/thumb/v6-m/nofp\libc_nano.a(libc_a-nano-vfprintf_i.o)
                0x0800286c                _printf_i
 .text.memmove  0x08002a84       0x24 C:/Program Files (x86)/Arm GNU Toolchain arm-none-eabi/13.2 Rel1/bin/../lib/gcc/arm-none-eabi/13.2.1/thumb/v6-m/nofp\libc_nano.a(libc_a-memmove.o)
                0x08002a84                memmove
 .text._sbrk_r  0x08002aa8       0x24 C:/Program Files (x86)/Arm GNU Toolchain arm-none-eabi/13.2 Rel1/bin/../lib/gcc/arm-none-eabi/13.2.1/thumb/v6-m/nofp\libc_nano.a(libc_a-sbrkr.o)
                0x08002aa8                _sbrk_r
 .text.memchr   0x08002acc       0x16 C:/Program Files (x86)/Arm GNU Toolchain arm-none-eabi/13.2 Rel1/bin/../lib/gcc/arm-none-eabi/13.2.1/thumb/v6-m/nofp\libc_nano.a(libc_a-memchr-stub.o)
                0x08002acc                memchr
 .text.memcpy   0x08002ae2       0x12 C:/Program Files (x86)/Arm GNU Toolchain arm-none-eabi/13.2 Rel1/bin/../lib/gcc/arm-none-eabi/13.2.1/thumb/v6-m/nofp\libc_nano.a(libc_a-memcpy-stub.o)
                0x08002ae2                memcpy
 .text._realloc_r
                0x08002af4       0x60 C:/Program Files (x86)/Arm GNU Toolchain arm-none-eabi/13.2 Rel1/bin/../lib/gcc/arm-none-eabi/13.2.1/thumb/v6-m/nofp\libc_nano.a(libc_a-reallocr.o)
                0x08002af4                _realloc_r
 .text._malloc_usable_size_r
                0x08002b54       0x10 C:/Program Files (x86)/Arm GNU Toolchain arm-none-eabi/13.2 Rel1/bin/../lib/gcc/arm-none-eabi/13.2.1/thumb/v6-m/nofp\libc_nano.a(libc_a-msizer.o)
                0x08002b54                _malloc_usable_size_r
 .text._sbrk    0x08002b64       0x1c C:/Program Files (x86)/Arm GNU Toolchain arm-none-eabi/13.2 Rel1/bin/../lib/gcc/arm-none-eabi/13.2.1/thumb/v6-m/nofp\libnosys.a(sbrk.o)
                0x08002b64                _sbrk
 *(.glue_7)
 .glue_7        0x08002b80        0x0 linker stubs
 *(.glue_7t)
 .glue_7t       0x08002b80        0x0 linker stubs
 *(.eh_frame)
 .eh_frame      0x08002b80        0x0 C:/Program Files (x86)/Arm GNU Toolchain arm-none-eabi/13.2 Rel1/bin/../lib/gcc/arm-none-eabi/13.2.1/thumb/v6-m/nofp/crtbegin.o
 *(.init)
 .init          0x08002b80        0x4 C:/Program Files (x86)/Arm GNU Toolchain arm-none-eabi/13.2 Rel1/bin/../lib/gcc/arm-none-eabi/13.2.1/thumb/v6-m/nofp/crti.o
                0x08002b80                _init
 .init          0x08002b84        0x8 C:/Program Files (x86)/Arm GNU Toolchain arm-none-eabi/13.2 Rel1/bin/../lib/gcc/arm-none-eabi/13.2.1/thumb/v6-m/nofp/crtn.o
 *(.fini)
 .fini          0x08002b8c        0x4 C:/Program Files (x86)/Arm GNU Toolchain arm-none-eabi/13.2 Rel1/bin/../lib/gcc/arm-none-eabi/13.2.1/thumb/v6-m/nofp/crti.o
                0x08002b8c                _fini
 .fini          0x08002b90        0x8 C:/Program Files (x86)/Arm GNU Toolchain arm-none-eabi/13.2 Rel1/bin/../lib/gcc/arm-none-eabi/13.2.1/thumb/v6-m/nofp/crtn.o
                0x08002b98                        . = ALIGN (0x4)
                0x08002b98                        _etext = .

.vfp11_veneer   0x08002b98        0x0
 .vfp11_veneer  0x08002b98        0x0 linker stubs

.v4_bx          0x08002b98        0x0
 .v4_bx         0x08002b98        0x0 linker stubs

.iplt           0x08002b98        0x0
 .iplt          0x08002b98        0x0 C:/Program Files (x86)/Arm GNU Toolchain arm-none-eabi/13.2 Rel1/bin/../lib/gcc/arm-none-eabi/13.2.1/thumb/v6-m/nofp/crtbegin.o

.rodata         0x08002b98      0x1a8
                0x08002b98                        . = ALIGN (0x4)
 *(.rodata)
 *(.rodata*)
 .rodata.main.str1.4
                0x08002b98       0xfb build/debug/build/main.o
                                 0xc9 (size before relaxing)
 *fill*         0x08002c93        0x1 
 .rodata.UARTPrescTable
                0x08002c94       0x18 build/debug/build/stm32c0xx_hal_uart.o
                0x08002c94                UARTPrescTable
 .rodata.APBPrescTable
                0x08002cac       0x20 build/debug/build/system_stm32c0xx.o
                0x08002cac                APBPrescTable
 .rodata.AHBPrescTable
                0x08002ccc       0x40 build/debug/build/system_stm32c0xx.o
                0x08002ccc                AHBPrescTable
 .rodata.I2C_Scan.str1.4
                0x08002d0c       0x26 build/debug/build/LCD_I2C.o
 .rodata.LCD_ShiftText.str1.4
                0x08002d0c        0x7 build/debug/build/LCD_I2C.o
 .rodata._svfprintf_r.str1.1
                0x08002d0c       0x33 C:/Program Files (x86)/Arm GNU Toolchain arm-none-eabi/13.2 Rel1/bin/../lib/gcc/arm-none-eabi/13.2.1/thumb/v6-m/nofp\libc_nano.a(libc_a-nano-svfprintf.o)
                                 0x11 (size before relaxing)
 .rodata._printf_i.str1.1
                0x08002d3f       0x22 C:/Program Files (x86)/Arm GNU Toolchain arm-none-eabi/13.2 Rel1/bin/../lib/gcc/arm-none-eabi/13.2.1/thumb/v6-m/nofp\libc_nano.a(libc_a-nano-vfprintf_i.o)
                0x08002d64                        . = ALIGN (0x4)
 *fill*         0x08002d3f        0x1 

.rel.dyn        0x08002d40        0x0
 .rel.iplt      0x08002d40        0x0 C:/Program Files (x86)/Arm GNU Toolchain arm-none-eabi/13.2 Rel1/bin/../lib/gcc/arm-none-eabi/13.2.1/thumb/v6-m/nofp/crtbegin.o

.ARM.extab
 *(.ARM.extab* .gnu.linkonce.armextab.*)

.ARM            0x08002d40        0x0
                0x08002d40                        __exidx_start = .
 *(.ARM.exidx*)
                0x08002d40                        __exidx_end = .

.preinit_array  0x08002d40        0x0
                0x08002d40                        PROVIDE (__preinit_array_start = .)
 *(.preinit_array*)
                0x08002d40                        PROVIDE (__preinit_array_end = .)

.init_array     0x08002d40        0x4
                0x08002d40                        PROVIDE (__init_array_start = .)
 *(SORT_BY_NAME(.init_array.*))
 *(.init_array*)
 .init_array    0x08002d40        0x4 C:/Program Files (x86)/Arm GNU Toolchain arm-none-eabi/13.2 Rel1/bin/../lib/gcc/arm-none-eabi/13.2.1/thumb/v6-m/nofp/crtbegin.o
                0x08002d44                        PROVIDE (__init_array_end = .)

.fini_array     0x08002d44        0x4
                [!provide]                        PROVIDE (__fini_array_start = .)
 *(SORT_BY_NAME(.fini_array.*))
 *(.fini_array*)
 .fini_array    0x08002d44        0x4 C:/Program Files (x86)/Arm GNU Toolchain arm-none-eabi/13.2 Rel1/bin/../lib/gcc/arm-none-eabi/13.2.1/thumb/v6-m/nofp/crtbegin.o
                [!provide]                        PROVIDE (__fini_array_end = .)
                0x08002d48                        _sidata = LOADADDR (.data)

.data           0x20000000       0x60 load address 0x08002d48
                0x20000000                        . = ALIGN (0x4)
                0x20000000                        _sdata = .
 *(.data)
 *(.data*)
 .data.LCD_ADDR_CONFIG
                0x20000000        0x4 build/debug/build/main.o
                0x20000000                LCD_ADDR_CONFIG
 .data.uwTickFreq
                0x20000004        0x1 build/debug/build/stm32c0xx_hal.o
                0x20000004                uwTickFreq
 *fill*         0x20000005        0x3 
 .data.uwTickPrio
                0x20000008        0x4 build/debug/build/stm32c0xx_hal.o
                0x20000008                uwTickPrio
 .data.SystemCoreClock
                0x2000000c        0x4 build/debug/build/system_stm32c0xx.o
                0x2000000c                SystemCoreClock
 .data._impure_ptr
                0x20000010        0x4 C:/Program Files (x86)/Arm GNU Toolchain arm-none-eabi/13.2 Rel1/bin/../lib/gcc/arm-none-eabi/13.2.1/thumb/v6-m/nofp\libc_nano.a(libc_a-impure.o)
                0x20000010                _impure_ptr
 .data._impure_data
                0x20000014       0x4c C:/Program Files (x86)/Arm GNU Toolchain arm-none-eabi/13.2 Rel1/bin/../lib/gcc/arm-none-eabi/13.2.1/thumb/v6-m/nofp\libc_nano.a(libc_a-impure.o)
                0x20000014                _impure_data
                0x20000060                        . = ALIGN (0x4)
                0x20000060                        _edata = .

.tm_clone_table
                0x20000060        0x0 load address 0x08002da8
 .tm_clone_table
                0x20000060        0x0 C:/Program Files (x86)/Arm GNU Toolchain arm-none-eabi/13.2 Rel1/bin/../lib/gcc/arm-none-eabi/13.2.1/thumb/v6-m/nofp/crtbegin.o
 .tm_clone_table
                0x20000060        0x0 C:/Program Files (x86)/Arm GNU Toolchain arm-none-eabi/13.2 Rel1/bin/../lib/gcc/arm-none-eabi/13.2.1/thumb/v6-m/nofp/crtend.o

.igot.plt       0x20000060        0x0 load address 0x08002da8
 .igot.plt      0x20000060        0x0 C:/Program Files (x86)/Arm GNU Toolchain arm-none-eabi/13.2 Rel1/bin/../lib/gcc/arm-none-eabi/13.2.1/thumb/v6-m/nofp/crtbegin.o
                0x20000060                        . = ALIGN (0x4)

.bss            0x20000060      0x254 load address 0x08002da8
                0x20000060                        _sbss = .
                0x20000060                        __bss_start__ = _sbss
 *(.bss)
 *(.bss*)
 .bss.completed.1
                0x20000060        0x1 C:/Program Files (x86)/Arm GNU Toolchain arm-none-eabi/13.2 Rel1/bin/../lib/gcc/arm-none-eabi/13.2.1/thumb/v6-m/nofp/crtbegin.o
 *fill*         0x20000061        0x3 
 .bss.object.0  0x20000064       0x18 C:/Program Files (x86)/Arm GNU Toolchain arm-none-eabi/13.2 Rel1/bin/../lib/gcc/arm-none-eabi/13.2.1/thumb/v6-m/nofp/crtbegin.o
 .bss.huart2    0x2000007c       0x94 build/debug/build/main.o
                0x2000007c                huart2
 .bss.hi2c1     0x20000110       0x54 build/debug/build/main.o
                0x20000110                hi2c1
 .bss.uwTick    0x20000164        0x4 build/debug/build/stm32c0xx_hal.o
                0x20000164                uwTick
 .bss.__sf      0x20000168      0x138 C:/Program Files (x86)/Arm GNU Toolchain arm-none-eabi/13.2 Rel1/bin/../lib/gcc/arm-none-eabi/13.2.1/thumb/v6-m/nofp\libc_nano.a(libc_a-findfp.o)
                0x20000168                __sf
 .bss.errno     0x200002a0        0x4 C:/Program Files (x86)/Arm GNU Toolchain arm-none-eabi/13.2 Rel1/bin/../lib/gcc/arm-none-eabi/13.2.1/thumb/v6-m/nofp\libc_nano.a(libc_a-reent.o)
                0x200002a0                errno
 .bss.__lock___malloc_recursive_mutex
                0x200002a4        0x1 C:/Program Files (x86)/Arm GNU Toolchain arm-none-eabi/13.2 Rel1/bin/../lib/gcc/arm-none-eabi/13.2.1/thumb/v6-m/nofp\libc_nano.a(libc_a-lock.o)
                0x200002a4                __lock___malloc_recursive_mutex
 *fill*         0x200002a5        0x3 
 .bss.__malloc_sbrk_start
                0x200002a8        0x4 C:/Program Files (x86)/Arm GNU Toolchain arm-none-eabi/13.2 Rel1/bin/../lib/gcc/arm-none-eabi/13.2.1/thumb/v6-m/nofp\libc_nano.a(libc_a-mallocr.o)
                0x200002a8                __malloc_sbrk_start
 .bss.__malloc_free_list
                0x200002ac        0x4 C:/Program Files (x86)/Arm GNU Toolchain arm-none-eabi/13.2 Rel1/bin/../lib/gcc/arm-none-eabi/13.2.1/thumb/v6-m/nofp\libc_nano.a(libc_a-mallocr.o)
                0x200002ac                __malloc_free_list
 .bss.heap_end.0
                0x200002b0        0x4 C:/Program Files (x86)/Arm GNU Toolchain arm-none-eabi/13.2 Rel1/bin/../lib/gcc/arm-none-eabi/13.2.1/thumb/v6-m/nofp\libnosys.a(sbrk.o)
 *(COMMON)
                0x200002b4                        . = ALIGN (0x4)
                0x200002b4                        _ebss = .
                0x200002b4                        __bss_end__ = _ebss

._user_heap_stack
                0x200002b4      0x604 load address 0x08002da8
                0x200002b8                        . = ALIGN (0x8)
 *fill*         0x200002b4        0x4 
                0x200002b8                        PROVIDE (end = .)
                [!provide]                        PROVIDE (_end = .)
                0x200004b8                        . = (. + _Min_Heap_Size)
 *fill*         0x200002b8      0x200 
                0x200008b8                        . = (. + _Min_Stack_Size)
 *fill*         0x200004b8      0x400 
                0x200008b8                        . = ALIGN (0x8)

/DISCARD/
 libc.a(*)
 libm.a(*)
 libgcc.a(*)

.ARM.attributes
                0x00000000       0x28
 *(.ARM.attributes)
 .ARM.attributes
                0x00000000       0x1e C:/Program Files (x86)/Arm GNU Toolchain arm-none-eabi/13.2 Rel1/bin/../lib/gcc/arm-none-eabi/13.2.1/thumb/v6-m/nofp/crti.o
 .ARM.attributes
                0x0000001e       0x2c C:/Program Files (x86)/Arm GNU Toolchain arm-none-eabi/13.2 Rel1/bin/../lib/gcc/arm-none-eabi/13.2.1/thumb/v6-m/nofp/crtbegin.o
 .ARM.attributes
                0x0000004a       0x2c build/debug/build/main.o
 .ARM.attributes
                0x00000076       0x2c build/debug/build/stm32c0xx_it.o
 .ARM.attributes
                0x000000a2       0x2c build/debug/build/stm32c0xx_hal_msp.o
 .ARM.attributes
                0x000000ce       0x2c build/debug/build/stm32c0xx_hal.o
 .ARM.attributes
                0x000000fa       0x2c build/debug/build/stm32c0xx_hal_cortex.o
 .ARM.attributes
                0x00000126       0x2c build/debug/build/stm32c0xx_hal_rcc.o
 .ARM.attributes
                0x00000152       0x2c build/debug/build/stm32c0xx_hal_rcc_ex.o
 .ARM.attributes
                0x0000017e       0x2c build/debug/build/stm32c0xx_hal_gpio.o
 .ARM.attributes
                0x000001aa       0x2c build/debug/build/stm32c0xx_hal_i2c.o
 .ARM.attributes
                0x000001d6       0x2c build/debug/build/stm32c0xx_hal_i2c_ex.o
 .ARM.attributes
                0x00000202       0x2c build/debug/build/stm32c0xx_hal_uart.o
 .ARM.attributes
                0x0000022e       0x2c build/debug/build/system_stm32c0xx.o
 .ARM.attributes
                0x0000025a       0x2c build/debug/build/LCD_I2C.o
 .ARM.attributes
                0x00000286       0x22 build/debug/build/startup_stm32c031xx.o
 .ARM.attributes
                0x000002a8       0x2c C:/Program Files (x86)/Arm GNU Toolchain arm-none-eabi/13.2 Rel1/bin/../lib/gcc/arm-none-eabi/13.2.1/thumb/v6-m/nofp\libc_nano.a(libc_a-findfp.o)
 .ARM.attributes
                0x000002d4       0x2c C:/Program Files (x86)/Arm GNU Toolchain arm-none-eabi/13.2 Rel1/bin/../lib/gcc/arm-none-eabi/13.2.1/thumb/v6-m/nofp\libc_nano.a(libc_a-snprintf.o)
 .ARM.attributes
                0x00000300       0x2c C:/Program Files (x86)/Arm GNU Toolchain arm-none-eabi/13.2 Rel1/bin/../lib/gcc/arm-none-eabi/13.2.1/thumb/v6-m/nofp\libc_nano.a(libc_a-memset.o)
 .ARM.attributes
                0x0000032c       0x2c C:/Program Files (x86)/Arm GNU Toolchain arm-none-eabi/13.2 Rel1/bin/../lib/gcc/arm-none-eabi/13.2.1/thumb/v6-m/nofp\libc_nano.a(libc_a-reent.o)
 .ARM.attributes
                0x00000358       0x2c C:/Program Files (x86)/Arm GNU Toolchain arm-none-eabi/13.2 Rel1/bin/../lib/gcc/arm-none-eabi/13.2.1/thumb/v6-m/nofp\libc_nano.a(libc_a-impure.o)
 .ARM.attributes
                0x00000384       0x2c C:/Program Files (x86)/Arm GNU Toolchain arm-none-eabi/13.2 Rel1/bin/../lib/gcc/arm-none-eabi/13.2.1/thumb/v6-m/nofp\libc_nano.a(libc_a-init.o)
 .ARM.attributes
                0x000003b0       0x2c C:/Program Files (x86)/Arm GNU Toolchain arm-none-eabi/13.2 Rel1/bin/../lib/gcc/arm-none-eabi/13.2.1/thumb/v6-m/nofp\libc_nano.a(libc_a-lock.o)
 .ARM.attributes
                0x000003dc       0x1c C:/Program Files (x86)/Arm GNU Toolchain arm-none-eabi/13.2 Rel1/bin/../lib/gcc/arm-none-eabi/13.2.1/thumb/v6-m/nofp\libc_nano.a(libc_a-strlen.o)
 .ARM.attributes
                0x000003f8       0x2c C:/Program Files (x86)/Arm GNU Toolchain arm-none-eabi/13.2 Rel1/bin/../lib/gcc/arm-none-eabi/13.2.1/thumb/v6-m/nofp\libc_nano.a(libc_a-freer.o)
 .ARM.attributes
                0x00000424       0x2c C:/Program Files (x86)/Arm GNU Toolchain arm-none-eabi/13.2 Rel1/bin/../lib/gcc/arm-none-eabi/13.2.1/thumb/v6-m/nofp\libc_nano.a(libc_a-mallocr.o)
 .ARM.attributes
                0x00000450       0x2c C:/Program Files (x86)/Arm GNU Toolchain arm-none-eabi/13.2 Rel1/bin/../lib/gcc/arm-none-eabi/13.2.1/thumb/v6-m/nofp\libc_nano.a(libc_a-mlock.o)
 .ARM.attributes
                0x0000047c       0x2c C:/Program Files (x86)/Arm GNU Toolchain arm-none-eabi/13.2 Rel1/bin/../lib/gcc/arm-none-eabi/13.2.1/thumb/v6-m/nofp\libc_nano.a(libc_a-nano-svfprintf.o)
 .ARM.attributes
                0x000004a8       0x2c C:/Program Files (x86)/Arm GNU Toolchain arm-none-eabi/13.2 Rel1/bin/../lib/gcc/arm-none-eabi/13.2.1/thumb/v6-m/nofp\libc_nano.a(libc_a-nano-vfprintf_i.o)
 .ARM.attributes
                0x000004d4       0x2c C:/Program Files (x86)/Arm GNU Toolchain arm-none-eabi/13.2 Rel1/bin/../lib/gcc/arm-none-eabi/13.2.1/thumb/v6-m/nofp\libc_nano.a(libc_a-memmove.o)
 .ARM.attributes
                0x00000500       0x2c C:/Program Files (x86)/Arm GNU Toolchain arm-none-eabi/13.2 Rel1/bin/../lib/gcc/arm-none-eabi/13.2.1/thumb/v6-m/nofp\libc_nano.a(libc_a-sbrkr.o)
 .ARM.attributes
                0x0000052c       0x2c C:/Program Files (x86)/Arm GNU Toolchain arm-none-eabi/13.2 Rel1/bin/../lib/gcc/arm-none-eabi/13.2.1/thumb/v6-m/nofp\libc_nano.a(libc_a-memchr-stub.o)
 .ARM.attributes
                0x00000558       0x2c C:/Program Files (x86)/Arm GNU Toolchain arm-none-eabi/13.2 Rel1/bin/../lib/gcc/arm-none-eabi/13.2.1/thumb/v6-m/nofp\libc_nano.a(libc_a-memcpy-stub.o)
 .ARM.attributes
                0x00000584       0x2c C:/Program Files (x86)/Arm GNU Toolchain arm-none-eabi/13.2 Rel1/bin/../lib/gcc/arm-none-eabi/13.2.1/thumb/v6-m/nofp\libc_nano.a(libc_a-reallocr.o)
 .ARM.attributes
                0x000005b0       0x2c C:/Program Files (x86)/Arm GNU Toolchain arm-none-eabi/13.2 Rel1/bin/../lib/gcc/arm-none-eabi/13.2.1/thumb/v6-m/nofp\libc_nano.a(libc_a-msizer.o)
 .ARM.attributes
                0x000005dc       0x2c C:/Program Files (x86)/Arm GNU Toolchain arm-none-eabi/13.2 Rel1/bin/../lib/gcc/arm-none-eabi/13.2.1/thumb/v6-m/nofp\libnosys.a(sbrk.o)
 .ARM.attributes
                0x00000608       0x1e C:/Program Files (x86)/Arm GNU Toolchain arm-none-eabi/13.2 Rel1/bin/../lib/gcc/arm-none-eabi/13.2.1/thumb/v6-m/nofp\libgcc.a(_thumb1_case_shi.o)
 .ARM.attributes
                0x00000626       0x1e C:/Program Files (x86)/Arm GNU Toolchain arm-none-eabi/13.2 Rel1/bin/../lib/gcc/arm-none-eabi/13.2.1/thumb/v6-m/nofp\libgcc.a(_udivsi3.o)
 .ARM.attributes
                0x00000644       0x1e C:/Program Files (x86)/Arm GNU Toolchain arm-none-eabi/13.2 Rel1/bin/../lib/gcc/arm-none-eabi/13.2.1/thumb/v6-m/nofp\libgcc.a(_divsi3.o)
 .ARM.attributes
                0x00000662       0x1e C:/Program Files (x86)/Arm GNU Toolchain arm-none-eabi/13.2 Rel1/bin/../lib/gcc/arm-none-eabi/13.2.1/thumb/v6-m/nofp\libgcc.a(_dvmd_tls.o)
 .ARM.attributes
                0x00000680       0x2c C:/Program Files (x86)/Arm GNU Toolchain arm-none-eabi/13.2 Rel1/bin/../lib/gcc/arm-none-eabi/13.2.1/thumb/v6-m/nofp/crtend.o
 .ARM.attributes
                0x000006ac       0x1e C:/Program Files (x86)/Arm GNU Toolchain arm-none-eabi/13.2 Rel1/bin/../lib/gcc/arm-none-eabi/13.2.1/thumb/v6-m/nofp/crtn.o
OUTPUT(build/debug/build/stm32-hello-wokwi.elf elf32-littlearm)
LOAD linker stubs
LOAD C:/Program Files (x86)/Arm GNU Toolchain arm-none-eabi/13.2 Rel1/bin/../lib/gcc/arm-none-eabi/13.2.1/thumb/v6-m/nofp\libc.a
LOAD C:/Program Files (x86)/Arm GNU Toolchain arm-none-eabi/13.2 Rel1/bin/../lib/gcc/arm-none-eabi/13.2.1/thumb/v6-m/nofp\libm.a
LOAD C:/Program Files (x86)/Arm GNU Toolchain arm-none-eabi/13.2 Rel1/bin/../lib/gcc/arm-none-eabi/13.2.1/thumb/v6-m/nofp\libgcc.a

.debug_info     0x00000000    0x12a83
 .debug_info    0x00000000     0x191b build/debug/build/main.o
 .debug_info    0x0000191b      0x15b build/debug/build/stm32c0xx_it.o
 .debug_info    0x00001a76     0x11f4 build/debug/build/stm32c0xx_hal_msp.o
 .debug_info    0x00002c6a      0xa50 build/debug/build/stm32c0xx_hal.o
 .debug_info    0x000036ba      0xac3 build/debug/build/stm32c0xx_hal_cortex.o
 .debug_info    0x0000417d      0xc20 build/debug/build/stm32c0xx_hal_rcc.o
 .debug_info    0x00004d9d      0x700 build/debug/build/stm32c0xx_hal_rcc_ex.o
 .debug_info    0x0000549d      0x6b6 build/debug/build/stm32c0xx_hal_gpio.o
 .debug_info    0x00005b53     0x46a9 build/debug/build/stm32c0xx_hal_i2c.o
 .debug_info    0x0000a1fc      0xb80 build/debug/build/stm32c0xx_hal_i2c_ex.o
 .debug_info    0x0000ad7c     0x65ba build/debug/build/stm32c0xx_hal_uart.o
 .debug_info    0x00011336      0x3c9 build/debug/build/system_stm32c0xx.o
 .debug_info    0x000116ff     0x1354 build/debug/build/LCD_I2C.o
 .debug_info    0x00012a53       0x30 build/debug/build/startup_stm32c031xx.o

.debug_abbrev   0x00000000     0x204c
 .debug_abbrev  0x00000000      0x317 build/debug/build/main.o
 .debug_abbrev  0x00000317       0xc2 build/debug/build/stm32c0xx_it.o
 .debug_abbrev  0x000003d9      0x1f9 build/debug/build/stm32c0xx_hal_msp.o
 .debug_abbrev  0x000005d2      0x341 build/debug/build/stm32c0xx_hal.o
 .debug_abbrev  0x00000913      0x31d build/debug/build/stm32c0xx_hal_cortex.o
 .debug_abbrev  0x00000c30      0x2f4 build/debug/build/stm32c0xx_hal_rcc.o
 .debug_abbrev  0x00000f24      0x292 build/debug/build/stm32c0xx_hal_rcc_ex.o
 .debug_abbrev  0x000011b6      0x23a build/debug/build/stm32c0xx_hal_gpio.o
 .debug_abbrev  0x000013f0      0x2f5 build/debug/build/stm32c0xx_hal_i2c.o
 .debug_abbrev  0x000016e5      0x1d5 build/debug/build/stm32c0xx_hal_i2c_ex.o
 .debug_abbrev  0x000018ba      0x38a build/debug/build/stm32c0xx_hal_uart.o
 .debug_abbrev  0x00001c44      0x11b build/debug/build/system_stm32c0xx.o
 .debug_abbrev  0x00001d5f      0x2d0 build/debug/build/LCD_I2C.o
 .debug_abbrev  0x0000202f       0x1d build/debug/build/startup_stm32c031xx.o

.debug_loc      0x00000000     0xda1d
 .debug_loc     0x00000000       0xd0 build/debug/build/main.o
 .debug_loc     0x000000d0       0x40 build/debug/build/stm32c0xx_it.o
 .debug_loc     0x00000110      0x202 build/debug/build/stm32c0xx_hal_msp.o
 .debug_loc     0x00000312      0x326 build/debug/build/stm32c0xx_hal.o
 .debug_loc     0x00000638      0x3ff build/debug/build/stm32c0xx_hal_cortex.o
 .debug_loc     0x00000a37      0x7bb build/debug/build/stm32c0xx_hal_rcc.o
 .debug_loc     0x000011f2      0x6f8 build/debug/build/stm32c0xx_hal_rcc_ex.o
 .debug_loc     0x000018ea      0x544 build/debug/build/stm32c0xx_hal_gpio.o
 .debug_loc     0x00001e2e     0x6238 build/debug/build/stm32c0xx_hal_i2c.o
 .debug_loc     0x00008066      0x324 build/debug/build/stm32c0xx_hal_i2c_ex.o
 .debug_loc     0x0000838a     0x5038 build/debug/build/stm32c0xx_hal_uart.o
 .debug_loc     0x0000d3c2       0x2e build/debug/build/system_stm32c0xx.o
 .debug_loc     0x0000d3f0      0x62d build/debug/build/LCD_I2C.o

.debug_aranges  0x00000000      0x9a0
 .debug_aranges
                0x00000000       0x48 build/debug/build/main.o
 .debug_aranges
                0x00000048       0x48 build/debug/build/stm32c0xx_it.o
 .debug_aranges
                0x00000090       0x40 build/debug/build/stm32c0xx_hal_msp.o
 .debug_aranges
                0x000000d0      0x100 build/debug/build/stm32c0xx_hal.o
 .debug_aranges
                0x000001d0       0xb0 build/debug/build/stm32c0xx_hal_cortex.o
 .debug_aranges
                0x00000280       0x90 build/debug/build/stm32c0xx_hal_rcc.o
 .debug_aranges
                0x00000310       0x40 build/debug/build/stm32c0xx_hal_rcc_ex.o
 .debug_aranges
                0x00000350       0x68 build/debug/build/stm32c0xx_hal_gpio.o
 .debug_aranges
                0x000003b8      0x2a0 build/debug/build/stm32c0xx_hal_i2c.o
 .debug_aranges
                0x00000658       0x48 build/debug/build/stm32c0xx_hal_i2c_ex.o
 .debug_aranges
                0x000006a0      0x248 build/debug/build/stm32c0xx_hal_uart.o
 .debug_aranges
                0x000008e8       0x28 build/debug/build/system_stm32c0xx.o
 .debug_aranges
                0x00000910       0x68 build/debug/build/LCD_I2C.o
 .debug_aranges
                0x00000978       0x28 build/debug/build/startup_stm32c031xx.o

.debug_ranges   0x00000000      0xa70
 .debug_ranges  0x00000000       0x38 build/debug/build/main.o
 .debug_ranges  0x00000038       0x38 build/debug/build/stm32c0xx_it.o
 .debug_ranges  0x00000070       0x30 build/debug/build/stm32c0xx_hal_msp.o
 .debug_ranges  0x000000a0       0xf0 build/debug/build/stm32c0xx_hal.o
 .debug_ranges  0x00000190       0xb8 build/debug/build/stm32c0xx_hal_cortex.o
 .debug_ranges  0x00000248       0xb8 build/debug/build/stm32c0xx_hal_rcc.o
 .debug_ranges  0x00000300       0x50 build/debug/build/stm32c0xx_hal_rcc_ex.o
 .debug_ranges  0x00000350       0x58 build/debug/build/stm32c0xx_hal_gpio.o
 .debug_ranges  0x000003a8      0x290 build/debug/build/stm32c0xx_hal_i2c.o
 .debug_ranges  0x00000638       0x38 build/debug/build/stm32c0xx_hal_i2c_ex.o
 .debug_ranges  0x00000670      0x358 build/debug/build/stm32c0xx_hal_uart.o
 .debug_ranges  0x000009c8       0x18 build/debug/build/system_stm32c0xx.o
 .debug_ranges  0x000009e0       0x70 build/debug/build/LCD_I2C.o
 .debug_ranges  0x00000a50       0x20 build/debug/build/startup_stm32c031xx.o

.debug_line     0x00000000     0xd88e
 .debug_line    0x00000000      0x618 build/debug/build/main.o
 .debug_line    0x00000618      0x1e9 build/debug/build/stm32c0xx_it.o
 .debug_line    0x00000801      0x3a0 build/debug/build/stm32c0xx_hal_msp.o
 .debug_line    0x00000ba1      0x637 build/debug/build/stm32c0xx_hal.o
 .debug_line    0x000011d8      0x69e build/debug/build/stm32c0xx_hal_cortex.o
 .debug_line    0x00001876      0xb21 build/debug/build/stm32c0xx_hal_rcc.o
 .debug_line    0x00002397      0x61e build/debug/build/stm32c0xx_hal_rcc_ex.o
 .debug_line    0x000029b5      0x726 build/debug/build/stm32c0xx_hal_gpio.o
 .debug_line    0x000030db     0x4e9f build/debug/build/stm32c0xx_hal_i2c.o
 .debug_line    0x00007f7a      0x3f9 build/debug/build/stm32c0xx_hal_i2c_ex.o
 .debug_line    0x00008373     0x4cea build/debug/build/stm32c0xx_hal_uart.o
 .debug_line    0x0000d05d      0x222 build/debug/build/system_stm32c0xx.o
 .debug_line    0x0000d27f      0x59b build/debug/build/LCD_I2C.o
 .debug_line    0x0000d81a       0x74 build/debug/build/startup_stm32c031xx.o

.debug_str      0x00000000     0x2ee4
 .debug_str     0x00000000     0x2ee4 build/debug/build/main.o
                                0xf09 (size before relaxing)
 .debug_str     0x00002ee4      0x200 build/debug/build/stm32c0xx_it.o
 .debug_str     0x00002ee4      0xc31 build/debug/build/stm32c0xx_hal_msp.o
 .debug_str     0x00002ee4      0x7e6 build/debug/build/stm32c0xx_hal.o
 .debug_str     0x00002ee4      0x6b2 build/debug/build/stm32c0xx_hal_cortex.o
 .debug_str     0x00002ee4      0x6bb build/debug/build/stm32c0xx_hal_rcc.o
 .debug_str     0x00002ee4      0x4f0 build/debug/build/stm32c0xx_hal_rcc_ex.o
 .debug_str     0x00002ee4      0x3fc build/debug/build/stm32c0xx_hal_gpio.o
 .debug_str     0x00002ee4     0x1099 build/debug/build/stm32c0xx_hal_i2c.o
 .debug_str     0x00002ee4      0x92c build/debug/build/stm32c0xx_hal_i2c_ex.o
 .debug_str     0x00002ee4     0x10fc build/debug/build/stm32c0xx_hal_uart.o
 .debug_str     0x00002ee4      0x2b5 build/debug/build/system_stm32c0xx.o
 .debug_str     0x00002ee4      0xb35 build/debug/build/LCD_I2C.o
 .debug_str     0x00002ee4       0x6a build/debug/build/startup_stm32c031xx.o

.comment        0x00000000       0x44
 .comment       0x00000000       0x44 build/debug/build/main.o
                                 0x45 (size before relaxing)
 .comment       0x00000044       0x45 build/debug/build/stm32c0xx_it.o
 .comment       0x00000044       0x45 build/debug/build/stm32c0xx_hal_msp.o
 .comment       0x00000044       0x45 build/debug/build/stm32c0xx_hal.o
 .comment       0x00000044       0x45 build/debug/build/stm32c0xx_hal_cortex.o
 .comment       0x00000044       0x45 build/debug/build/stm32c0xx_hal_rcc.o
 .comment       0x00000044       0x45 build/debug/build/stm32c0xx_hal_rcc_ex.o
 .comment       0x00000044       0x45 build/debug/build/stm32c0xx_hal_gpio.o
 .comment       0x00000044       0x45 build/debug/build/stm32c0xx_hal_i2c.o
 .comment       0x00000044       0x45 build/debug/build/stm32c0xx_hal_i2c_ex.o
 .comment       0x00000044       0x45 build/debug/build/stm32c0xx_hal_uart.o
 .comment       0x00000044       0x45 build/debug/build/system_stm32c0xx.o
 .comment       0x00000044       0x45 build/debug/build/LCD_I2C.o

.debug_frame    0x00000000     0x1f20
 .debug_frame   0x00000000       0xb0 build/debug/build/main.o
 .debug_frame   0x000000b0       0x80 build/debug/build/stm32c0xx_it.o
 .debug_frame   0x00000130       0x8c build/debug/build/stm32c0xx_hal_msp.o
 .debug_frame   0x000001bc      0x20c build/debug/build/stm32c0xx_hal.o
 .debug_frame   0x000003c8      0x174 build/debug/build/stm32c0xx_hal_cortex.o
 .debug_frame   0x0000053c      0x160 build/debug/build/stm32c0xx_hal_rcc.o
 .debug_frame   0x0000069c       0x84 build/debug/build/stm32c0xx_hal_rcc_ex.o
 .debug_frame   0x00000720       0xe8 build/debug/build/stm32c0xx_hal_gpio.o
 .debug_frame   0x00000808      0x8b4 build/debug/build/stm32c0xx_hal_i2c.o
 .debug_frame   0x000010bc       0xb0 build/debug/build/stm32c0xx_hal_i2c_ex.o
 .debug_frame   0x0000116c      0x6e0 build/debug/build/stm32c0xx_hal_uart.o
 .debug_frame   0x0000184c       0x30 build/debug/build/system_stm32c0xx.o
 .debug_frame   0x0000187c      0x120 build/debug/build/LCD_I2C.o
 .debug_frame   0x0000199c      0x138 C:/Program Files (x86)/Arm GNU Toolchain arm-none-eabi/13.2 Rel1/bin/../lib/gcc/arm-none-eabi/13.2.1/thumb/v6-m/nofp\libc_nano.a(libc_a-findfp.o)
 .debug_frame   0x00001ad4       0x50 C:/Program Files (x86)/Arm GNU Toolchain arm-none-eabi/13.2 Rel1/bin/../lib/gcc/arm-none-eabi/13.2.1/thumb/v6-m/nofp\libc_nano.a(libc_a-snprintf.o)
 .debug_frame   0x00001b24       0x20 C:/Program Files (x86)/Arm GNU Toolchain arm-none-eabi/13.2 Rel1/bin/../lib/gcc/arm-none-eabi/13.2.1/thumb/v6-m/nofp\libc_nano.a(libc_a-memset.o)
 .debug_frame   0x00001b44       0x2c C:/Program Files (x86)/Arm GNU Toolchain arm-none-eabi/13.2 Rel1/bin/../lib/gcc/arm-none-eabi/13.2.1/thumb/v6-m/nofp\libc_nano.a(libc_a-reent.o)
 .debug_frame   0x00001b70       0x2c C:/Program Files (x86)/Arm GNU Toolchain arm-none-eabi/13.2 Rel1/bin/../lib/gcc/arm-none-eabi/13.2.1/thumb/v6-m/nofp\libc_nano.a(libc_a-init.o)
 .debug_frame   0x00001b9c       0xb0 C:/Program Files (x86)/Arm GNU Toolchain arm-none-eabi/13.2 Rel1/bin/../lib/gcc/arm-none-eabi/13.2.1/thumb/v6-m/nofp\libc_nano.a(libc_a-lock.o)
 .debug_frame   0x00001c4c       0x2c C:/Program Files (x86)/Arm GNU Toolchain arm-none-eabi/13.2 Rel1/bin/../lib/gcc/arm-none-eabi/13.2.1/thumb/v6-m/nofp\libc_nano.a(libc_a-freer.o)
 .debug_frame   0x00001c78       0x50 C:/Program Files (x86)/Arm GNU Toolchain arm-none-eabi/13.2 Rel1/bin/../lib/gcc/arm-none-eabi/13.2.1/thumb/v6-m/nofp\libc_nano.a(libc_a-mallocr.o)
 .debug_frame   0x00001cc8       0x40 C:/Program Files (x86)/Arm GNU Toolchain arm-none-eabi/13.2 Rel1/bin/../lib/gcc/arm-none-eabi/13.2.1/thumb/v6-m/nofp\libc_nano.a(libc_a-mlock.o)
 .debug_frame   0x00001d08       0x74 C:/Program Files (x86)/Arm GNU Toolchain arm-none-eabi/13.2 Rel1/bin/../lib/gcc/arm-none-eabi/13.2.1/thumb/v6-m/nofp\libc_nano.a(libc_a-nano-svfprintf.o)
 .debug_frame   0x00001d7c       0x54 C:/Program Files (x86)/Arm GNU Toolchain arm-none-eabi/13.2 Rel1/bin/../lib/gcc/arm-none-eabi/13.2.1/thumb/v6-m/nofp\libc_nano.a(libc_a-nano-vfprintf_i.o)
 .debug_frame   0x00001dd0       0x28 C:/Program Files (x86)/Arm GNU Toolchain arm-none-eabi/13.2 Rel1/bin/../lib/gcc/arm-none-eabi/13.2.1/thumb/v6-m/nofp\libc_nano.a(libc_a-memmove.o)
 .debug_frame   0x00001df8       0x2c C:/Program Files (x86)/Arm GNU Toolchain arm-none-eabi/13.2 Rel1/bin/../lib/gcc/arm-none-eabi/13.2.1/thumb/v6-m/nofp\libc_nano.a(libc_a-sbrkr.o)
 .debug_frame   0x00001e24       0x20 C:/Program Files (x86)/Arm GNU Toolchain arm-none-eabi/13.2 Rel1/bin/../lib/gcc/arm-none-eabi/13.2.1/thumb/v6-m/nofp\libc_nano.a(libc_a-memchr-stub.o)
 .debug_frame   0x00001e44       0x28 C:/Program Files (x86)/Arm GNU Toolchain arm-none-eabi/13.2 Rel1/bin/../lib/gcc/arm-none-eabi/13.2.1/thumb/v6-m/nofp\libc_nano.a(libc_a-memcpy-stub.o)
 .debug_frame   0x00001e6c       0x34 C:/Program Files (x86)/Arm GNU Toolchain arm-none-eabi/13.2 Rel1/bin/../lib/gcc/arm-none-eabi/13.2.1/thumb/v6-m/nofp\libc_nano.a(libc_a-reallocr.o)
 .debug_frame   0x00001ea0       0x20 C:/Program Files (x86)/Arm GNU Toolchain arm-none-eabi/13.2 Rel1/bin/../lib/gcc/arm-none-eabi/13.2.1/thumb/v6-m/nofp\libc_nano.a(libc_a-msizer.o)
 .debug_frame   0x00001ec0       0x20 C:/Program Files (x86)/Arm GNU Toolchain arm-none-eabi/13.2 Rel1/bin/../lib/gcc/arm-none-eabi/13.2.1/thumb/v6-m/nofp\libnosys.a(sbrk.o)
 .debug_frame   0x00001ee0       0x20 C:/Program Files (x86)/Arm GNU Toolchain arm-none-eabi/13.2 Rel1/bin/../lib/gcc/arm-none-eabi/13.2.1/thumb/v6-m/nofp\libgcc.a(_udivsi3.o)
 .debug_frame   0x00001f00       0x20 C:/Program Files (x86)/Arm GNU Toolchain arm-none-eabi/13.2 Rel1/bin/../lib/gcc/arm-none-eabi/13.2.1/thumb/v6-m/nofp\libgcc.a(_divsi3.o)

.debug_line_str
                0x00000000      0x1b0
 .debug_line_str
                0x00000000      0x1b0 C:/Program Files (x86)/Arm GNU Toolchain arm-none-eabi/13.2 Rel1/bin/../lib/gcc/arm-none-eabi/13.2.1/thumb/v6-m/nofp\libc_nano.a(libc_a-strlen.o)
                                 0xe7 (size before relaxing)
 .debug_line_str
                0x000001b0       0xc9 C:/Program Files (x86)/Arm GNU Toolchain arm-none-eabi/13.2 Rel1/bin/../lib/gcc/arm-none-eabi/13.2.1/thumb/v6-m/nofp\libgcc.a(_thumb1_case_shi.o)
 .debug_line_str
                0x000001b0       0xc9 C:/Program Files (x86)/Arm GNU Toolchain arm-none-eabi/13.2 Rel1/bin/../lib/gcc/arm-none-eabi/13.2.1/thumb/v6-m/nofp\libgcc.a(_udivsi3.o)
 .debug_line_str
                0x000001b0       0xc9 C:/Program Files (x86)/Arm GNU Toolchain arm-none-eabi/13.2 Rel1/bin/../lib/gcc/arm-none-eabi/13.2.1/thumb/v6-m/nofp\libgcc.a(_divsi3.o)
 .debug_line_str
                0x000001b0       0xc9 C:/Program Files (x86)/Arm GNU Toolchain arm-none-eabi/13.2 Rel1/bin/../lib/gcc/arm-none-eabi/13.2.1/thumb/v6-m/nofp\libgcc.a(_dvmd_tls.o)

Cross Reference Table

Symbol                                            File
ADC1_IRQHandler                                   build/debug/build/startup_stm32c031xx.o
AHBPrescTable                                     build/debug/build/system_stm32c0xx.o
                                                  build/debug/build/stm32c0xx_hal_rcc.o
APBPrescTable                                     build/debug/build/system_stm32c0xx.o
                                                  build/debug/build/stm32c0xx_hal_rcc.o
DMA1_Channel1_IRQHandler                          build/debug/build/startup_stm32c031xx.o
DMA1_Channel2_3_IRQHandler                        build/debug/build/startup_stm32c031xx.o
DMAMUX1_IRQHandler                                build/debug/build/startup_stm32c031xx.o
Default_Handler                                   build/debug/build/startup_stm32c031xx.o
EXTI0_1_IRQHandler                                build/debug/build/startup_stm32c031xx.o
EXTI2_3_IRQHandler                                build/debug/build/startup_stm32c031xx.o
EXTI4_15_IRQHandler                               build/debug/build/stm32c0xx_it.o
Error_Handler                                     build/debug/build/main.o
                                                  build/debug/build/stm32c0xx_hal_msp.o
FLASH_FlushCaches                                 build/debug/build/stm32c0xx_hal_flash_ex.o
FLASH_IRQHandler                                  build/debug/build/startup_stm32c031xx.o
FLASH_PageErase                                   build/debug/build/stm32c0xx_hal_flash_ex.o
                                                  build/debug/build/stm32c0xx_hal_flash.o
FLASH_WaitForLastOperation                        build/debug/build/stm32c0xx_hal_flash.o
                                                  build/debug/build/stm32c0xx_hal_flash_ex.o
HAL_DBGMCU_DisableDBGStandbyMode                  build/debug/build/stm32c0xx_hal.o
HAL_DBGMCU_DisableDBGStopMode                     build/debug/build/stm32c0xx_hal.o
HAL_DBGMCU_EnableDBGStandbyMode                   build/debug/build/stm32c0xx_hal.o
HAL_DBGMCU_EnableDBGStopMode                      build/debug/build/stm32c0xx_hal.o
HAL_DMAEx_ConfigMuxRequestGenerator               build/debug/build/stm32c0xx_hal_dma_ex.o
HAL_DMAEx_ConfigMuxSync                           build/debug/build/stm32c0xx_hal_dma_ex.o
HAL_DMAEx_DisableMuxRequestGenerator              build/debug/build/stm32c0xx_hal_dma_ex.o
HAL_DMAEx_EnableMuxRequestGenerator               build/debug/build/stm32c0xx_hal_dma_ex.o
HAL_DMAEx_MUX_IRQHandler                          build/debug/build/stm32c0xx_hal_dma_ex.o
HAL_DMA_Abort                                     build/debug/build/stm32c0xx_hal_dma.o
                                                  build/debug/build/stm32c0xx_hal_uart.o
HAL_DMA_Abort_IT                                  build/debug/build/stm32c0xx_hal_dma.o
                                                  build/debug/build/stm32c0xx_hal_uart.o
                                                  build/debug/build/stm32c0xx_hal_i2c.o
HAL_DMA_DeInit                                    build/debug/build/stm32c0xx_hal_dma.o
HAL_DMA_GetError                                  build/debug/build/stm32c0xx_hal_dma.o
                                                  build/debug/build/stm32c0xx_hal_uart.o
HAL_DMA_GetState                                  build/debug/build/stm32c0xx_hal_dma.o
                                                  build/debug/build/stm32c0xx_hal_i2c.o
HAL_DMA_IRQHandler                                build/debug/build/stm32c0xx_hal_dma.o
HAL_DMA_Init                                      build/debug/build/stm32c0xx_hal_dma.o
HAL_DMA_PollForTransfer                           build/debug/build/stm32c0xx_hal_dma.o
HAL_DMA_RegisterCallback                          build/debug/build/stm32c0xx_hal_dma.o
HAL_DMA_Start                                     build/debug/build/stm32c0xx_hal_dma.o
HAL_DMA_Start_IT                                  build/debug/build/stm32c0xx_hal_dma.o
                                                  build/debug/build/stm32c0xx_hal_uart.o
                                                  build/debug/build/stm32c0xx_hal_i2c.o
HAL_DMA_UnRegisterCallback                        build/debug/build/stm32c0xx_hal_dma.o
HAL_DeInit                                        build/debug/build/stm32c0xx_hal.o
HAL_Delay                                         build/debug/build/stm32c0xx_hal.o
                                                  build/debug/build/LCD_I2C.o
                                                  build/debug/build/main.o
HAL_EXTI_ClearConfigLine                          build/debug/build/stm32c0xx_hal_exti.o
HAL_EXTI_ClearPending                             build/debug/build/stm32c0xx_hal_exti.o
HAL_EXTI_GenerateSWI                              build/debug/build/stm32c0xx_hal_exti.o
HAL_EXTI_GetConfigLine                            build/debug/build/stm32c0xx_hal_exti.o
HAL_EXTI_GetHandle                                build/debug/build/stm32c0xx_hal_exti.o
HAL_EXTI_GetPending                               build/debug/build/stm32c0xx_hal_exti.o
HAL_EXTI_IRQHandler                               build/debug/build/stm32c0xx_hal_exti.o
HAL_EXTI_RegisterCallback                         build/debug/build/stm32c0xx_hal_exti.o
HAL_EXTI_SetConfigLine                            build/debug/build/stm32c0xx_hal_exti.o
HAL_FLASHEx_DisableDebugger                       build/debug/build/stm32c0xx_hal_flash_ex.o
HAL_FLASHEx_EnableDebugger                        build/debug/build/stm32c0xx_hal_flash_ex.o
HAL_FLASHEx_EnableSecMemProtection                build/debug/build/stm32c0xx_hal_flash_ex.o
HAL_FLASHEx_Erase                                 build/debug/build/stm32c0xx_hal_flash_ex.o
HAL_FLASHEx_Erase_IT                              build/debug/build/stm32c0xx_hal_flash_ex.o
HAL_FLASHEx_FlashEmptyCheck                       build/debug/build/stm32c0xx_hal_flash_ex.o
HAL_FLASHEx_ForceFlashEmpty                       build/debug/build/stm32c0xx_hal_flash_ex.o
HAL_FLASHEx_OBGetConfig                           build/debug/build/stm32c0xx_hal_flash_ex.o
HAL_FLASHEx_OBProgram                             build/debug/build/stm32c0xx_hal_flash_ex.o
HAL_FLASH_EndOfOperationCallback                  build/debug/build/stm32c0xx_hal_flash.o
HAL_FLASH_GetError                                build/debug/build/stm32c0xx_hal_flash.o
HAL_FLASH_IRQHandler                              build/debug/build/stm32c0xx_hal_flash.o
HAL_FLASH_Lock                                    build/debug/build/stm32c0xx_hal_flash.o
HAL_FLASH_OB_Launch                               build/debug/build/stm32c0xx_hal_flash.o
HAL_FLASH_OB_Lock                                 build/debug/build/stm32c0xx_hal_flash.o
HAL_FLASH_OB_Unlock                               build/debug/build/stm32c0xx_hal_flash.o
HAL_FLASH_OperationErrorCallback                  build/debug/build/stm32c0xx_hal_flash.o
HAL_FLASH_Program                                 build/debug/build/stm32c0xx_hal_flash.o
HAL_FLASH_Program_IT                              build/debug/build/stm32c0xx_hal_flash.o
HAL_FLASH_Unlock                                  build/debug/build/stm32c0xx_hal_flash.o
HAL_GPIO_DeInit                                   build/debug/build/stm32c0xx_hal_gpio.o
                                                  build/debug/build/stm32c0xx_hal_msp.o
HAL_GPIO_EXTI_Falling_Callback                    build/debug/build/stm32c0xx_hal_gpio.o
HAL_GPIO_EXTI_IRQHandler                          build/debug/build/stm32c0xx_hal_gpio.o
                                                  build/debug/build/stm32c0xx_it.o
HAL_GPIO_EXTI_Rising_Callback                     build/debug/build/stm32c0xx_hal_gpio.o
HAL_GPIO_Init                                     build/debug/build/stm32c0xx_hal_gpio.o
                                                  build/debug/build/stm32c0xx_hal_rcc_ex.o
                                                  build/debug/build/stm32c0xx_hal_rcc.o
                                                  build/debug/build/stm32c0xx_hal_msp.o
                                                  build/debug/build/main.o
HAL_GPIO_LockPin                                  build/debug/build/stm32c0xx_hal_gpio.o
HAL_GPIO_ReadPin                                  build/debug/build/stm32c0xx_hal_gpio.o
HAL_GPIO_TogglePin                                build/debug/build/stm32c0xx_hal_gpio.o
                                                  build/debug/build/main.o
HAL_GPIO_WriteMultipleStatePin                    build/debug/build/stm32c0xx_hal_gpio.o
HAL_GPIO_WritePin                                 build/debug/build/stm32c0xx_hal_gpio.o
                                                  build/debug/build/main.o
HAL_GetDEVID                                      build/debug/build/stm32c0xx_hal.o
HAL_GetHalVersion                                 build/debug/build/stm32c0xx_hal.o
HAL_GetREVID                                      build/debug/build/stm32c0xx_hal.o
HAL_GetTick                                       build/debug/build/stm32c0xx_hal.o
                                                  build/debug/build/LCD_I2C.o
                                                  build/debug/build/stm32c0xx_hal_uart_ex.o
                                                  build/debug/build/stm32c0xx_hal_uart.o
                                                  build/debug/build/stm32c0xx_hal_i2c.o
                                                  build/debug/build/stm32c0xx_hal_dma.o
                                                  build/debug/build/stm32c0xx_hal_flash.o
                                                  build/debug/build/stm32c0xx_hal_rcc_ex.o
                                                  build/debug/build/stm32c0xx_hal_rcc.o
HAL_GetTickFreq                                   build/debug/build/stm32c0xx_hal.o
HAL_GetTickPrio                                   build/debug/build/stm32c0xx_hal.o
HAL_GetUIDw0                                      build/debug/build/stm32c0xx_hal.o
HAL_GetUIDw1                                      build/debug/build/stm32c0xx_hal.o
HAL_GetUIDw2                                      build/debug/build/stm32c0xx_hal.o
HAL_HalfDuplex_EnableReceiver                     build/debug/build/stm32c0xx_hal_uart.o
HAL_HalfDuplex_EnableTransmitter                  build/debug/build/stm32c0xx_hal_uart.o
HAL_HalfDuplex_Init                               build/debug/build/stm32c0xx_hal_uart.o
HAL_I2CEx_ConfigAnalogFilter                      build/debug/build/stm32c0xx_hal_i2c_ex.o
                                                  build/debug/build/main.o
HAL_I2CEx_ConfigDigitalFilter                     build/debug/build/stm32c0xx_hal_i2c_ex.o
                                                  build/debug/build/main.o
HAL_I2CEx_DisableFastModePlus                     build/debug/build/stm32c0xx_hal_i2c_ex.o
HAL_I2CEx_DisableWakeUp                           build/debug/build/stm32c0xx_hal_i2c_ex.o
HAL_I2CEx_EnableFastModePlus                      build/debug/build/stm32c0xx_hal_i2c_ex.o
HAL_I2CEx_EnableWakeUp                            build/debug/build/stm32c0xx_hal_i2c_ex.o
HAL_I2C_AbortCpltCallback                         build/debug/build/stm32c0xx_hal_i2c.o
HAL_I2C_AddrCallback                              build/debug/build/stm32c0xx_hal_i2c.o
HAL_I2C_DeInit                                    build/debug/build/stm32c0xx_hal_i2c.o
HAL_I2C_DisableListen_IT                          build/debug/build/stm32c0xx_hal_i2c.o
HAL_I2C_ER_IRQHandler                             build/debug/build/stm32c0xx_hal_i2c.o
HAL_I2C_EV_IRQHandler                             build/debug/build/stm32c0xx_hal_i2c.o
HAL_I2C_EnableListen_IT                           build/debug/build/stm32c0xx_hal_i2c.o
HAL_I2C_ErrorCallback                             build/debug/build/stm32c0xx_hal_i2c.o
HAL_I2C_GetError                                  build/debug/build/stm32c0xx_hal_i2c.o
HAL_I2C_GetMode                                   build/debug/build/stm32c0xx_hal_i2c.o
HAL_I2C_GetState                                  build/debug/build/stm32c0xx_hal_i2c.o
HAL_I2C_Init                                      build/debug/build/stm32c0xx_hal_i2c.o
                                                  build/debug/build/main.o
HAL_I2C_IsDeviceReady                             build/debug/build/stm32c0xx_hal_i2c.o
                                                  build/debug/build/LCD_I2C.o
HAL_I2C_ListenCpltCallback                        build/debug/build/stm32c0xx_hal_i2c.o
HAL_I2C_MasterRxCpltCallback                      build/debug/build/stm32c0xx_hal_i2c.o
HAL_I2C_MasterTxCpltCallback                      build/debug/build/stm32c0xx_hal_i2c.o
HAL_I2C_Master_Abort_IT                           build/debug/build/stm32c0xx_hal_i2c.o
HAL_I2C_Master_Receive                            build/debug/build/stm32c0xx_hal_i2c.o
HAL_I2C_Master_Receive_DMA                        build/debug/build/stm32c0xx_hal_i2c.o
HAL_I2C_Master_Receive_IT                         build/debug/build/stm32c0xx_hal_i2c.o
HAL_I2C_Master_Seq_Receive_DMA                    build/debug/build/stm32c0xx_hal_i2c.o
HAL_I2C_Master_Seq_Receive_IT                     build/debug/build/stm32c0xx_hal_i2c.o
HAL_I2C_Master_Seq_Transmit_DMA                   build/debug/build/stm32c0xx_hal_i2c.o
HAL_I2C_Master_Seq_Transmit_IT                    build/debug/build/stm32c0xx_hal_i2c.o
HAL_I2C_Master_Transmit                           build/debug/build/stm32c0xx_hal_i2c.o
                                                  build/debug/build/LCD_I2C.o
HAL_I2C_Master_Transmit_DMA                       build/debug/build/stm32c0xx_hal_i2c.o
HAL_I2C_Master_Transmit_IT                        build/debug/build/stm32c0xx_hal_i2c.o
HAL_I2C_MemRxCpltCallback                         build/debug/build/stm32c0xx_hal_i2c.o
HAL_I2C_MemTxCpltCallback                         build/debug/build/stm32c0xx_hal_i2c.o
HAL_I2C_Mem_Read                                  build/debug/build/stm32c0xx_hal_i2c.o
HAL_I2C_Mem_Read_DMA                              build/debug/build/stm32c0xx_hal_i2c.o
HAL_I2C_Mem_Read_IT                               build/debug/build/stm32c0xx_hal_i2c.o
HAL_I2C_Mem_Write                                 build/debug/build/stm32c0xx_hal_i2c.o
HAL_I2C_Mem_Write_DMA                             build/debug/build/stm32c0xx_hal_i2c.o
HAL_I2C_Mem_Write_IT                              build/debug/build/stm32c0xx_hal_i2c.o
HAL_I2C_MspDeInit                                 build/debug/build/stm32c0xx_hal_msp.o
HAL_I2C_MspInit                                   build/debug/build/stm32c0xx_hal_msp.o
HAL_I2C_SlaveRxCpltCallback                       build/debug/build/stm32c0xx_hal_i2c.o
HAL_I2C_SlaveTxCpltCallback                       build/debug/build/stm32c0xx_hal_i2c.o
HAL_I2C_Slave_Receive                             build/debug/build/stm32c0xx_hal_i2c.o
HAL_I2C_Slave_Receive_DMA                         build/debug/build/stm32c0xx_hal_i2c.o
HAL_I2C_Slave_Receive_IT                          build/debug/build/stm32c0xx_hal_i2c.o
HAL_I2C_Slave_Seq_Receive_DMA                     build/debug/build/stm32c0xx_hal_i2c.o
HAL_I2C_Slave_Seq_Receive_IT                      build/debug/build/stm32c0xx_hal_i2c.o
HAL_I2C_Slave_Seq_Transmit_DMA                    build/debug/build/stm32c0xx_hal_i2c.o
HAL_I2C_Slave_Seq_Transmit_IT                     build/debug/build/stm32c0xx_hal_i2c.o
HAL_I2C_Slave_Transmit                            build/debug/build/stm32c0xx_hal_i2c.o
HAL_I2C_Slave_Transmit_DMA                        build/debug/build/stm32c0xx_hal_i2c.o
HAL_I2C_Slave_Transmit_IT                         build/debug/build/stm32c0xx_hal_i2c.o
HAL_IncTick                                       build/debug/build/stm32c0xx_hal.o
                                                  build/debug/build/stm32c0xx_it.o
HAL_Init                                          build/debug/build/stm32c0xx_hal.o
                                                  build/debug/build/main.o
HAL_InitTick                                      build/debug/build/stm32c0xx_hal.o
                                                  build/debug/build/stm32c0xx_hal_rcc.o
HAL_LIN_Init                                      build/debug/build/stm32c0xx_hal_uart.o
HAL_LIN_SendBreak                                 build/debug/build/stm32c0xx_hal_uart.o
HAL_MPU_ConfigRegion                              build/debug/build/stm32c0xx_hal_cortex.o
HAL_MPU_Disable                                   build/debug/build/stm32c0xx_hal_cortex.o
HAL_MPU_Enable                                    build/debug/build/stm32c0xx_hal_cortex.o
HAL_MspDeInit                                     build/debug/build/stm32c0xx_hal.o
HAL_MspInit                                       build/debug/build/stm32c0xx_hal_msp.o
HAL_MultiProcessorEx_AddressLength_Set            build/debug/build/stm32c0xx_hal_uart_ex.o
HAL_MultiProcessor_DisableMuteMode                build/debug/build/stm32c0xx_hal_uart.o
HAL_MultiProcessor_EnableMuteMode                 build/debug/build/stm32c0xx_hal_uart.o
HAL_MultiProcessor_EnterMuteMode                  build/debug/build/stm32c0xx_hal_uart.o
HAL_MultiProcessor_Init                           build/debug/build/stm32c0xx_hal_uart.o
HAL_NVIC_ClearPendingIRQ                          build/debug/build/stm32c0xx_hal_cortex.o
HAL_NVIC_DisableIRQ                               build/debug/build/stm32c0xx_hal_cortex.o
HAL_NVIC_EnableIRQ                                build/debug/build/stm32c0xx_hal_cortex.o
                                                  build/debug/build/main.o
HAL_NVIC_GetPendingIRQ                            build/debug/build/stm32c0xx_hal_cortex.o
HAL_NVIC_GetPriority                              build/debug/build/stm32c0xx_hal_cortex.o
HAL_NVIC_SetPendingIRQ                            build/debug/build/stm32c0xx_hal_cortex.o
HAL_NVIC_SetPriority                              build/debug/build/stm32c0xx_hal_cortex.o
                                                  build/debug/build/stm32c0xx_hal.o
                                                  build/debug/build/main.o
HAL_NVIC_SystemReset                              build/debug/build/stm32c0xx_hal_cortex.o
HAL_PWREx_BKUPRead                                build/debug/build/stm32c0xx_hal_pwr_ex.o
HAL_PWREx_BKUPWrite                               build/debug/build/stm32c0xx_hal_pwr_ex.o
HAL_PWREx_DisableFlashPowerDown                   build/debug/build/stm32c0xx_hal_pwr_ex.o
HAL_PWREx_DisableGPIOPullDown                     build/debug/build/stm32c0xx_hal_pwr_ex.o
HAL_PWREx_DisableGPIOPullUp                       build/debug/build/stm32c0xx_hal_pwr_ex.o
HAL_PWREx_DisableInternalWakeUpLine               build/debug/build/stm32c0xx_hal_pwr_ex.o
HAL_PWREx_DisablePullUpPullDownConfig             build/debug/build/stm32c0xx_hal_pwr_ex.o
HAL_PWREx_EnableFlashPowerDown                    build/debug/build/stm32c0xx_hal_pwr_ex.o
HAL_PWREx_EnableGPIOPullDown                      build/debug/build/stm32c0xx_hal_pwr_ex.o
HAL_PWREx_EnableGPIOPullUp                        build/debug/build/stm32c0xx_hal_pwr_ex.o
HAL_PWREx_EnableInternalWakeUpLine                build/debug/build/stm32c0xx_hal_pwr_ex.o
HAL_PWREx_EnablePullUpPullDownConfig              build/debug/build/stm32c0xx_hal_pwr_ex.o
HAL_PWREx_EnterSHUTDOWNMode                       build/debug/build/stm32c0xx_hal_pwr_ex.o
HAL_PWR_DeInit                                    build/debug/build/stm32c0xx_hal_pwr.o
HAL_PWR_DisableSEVOnPend                          build/debug/build/stm32c0xx_hal_pwr.o
HAL_PWR_DisableSleepOnExit                        build/debug/build/stm32c0xx_hal_pwr.o
HAL_PWR_DisableWakeUpPin                          build/debug/build/stm32c0xx_hal_pwr.o
HAL_PWR_EnableSEVOnPend                           build/debug/build/stm32c0xx_hal_pwr.o
HAL_PWR_EnableSleepOnExit                         build/debug/build/stm32c0xx_hal_pwr.o
HAL_PWR_EnableWakeUpPin                           build/debug/build/stm32c0xx_hal_pwr.o
HAL_PWR_EnterSLEEPMode                            build/debug/build/stm32c0xx_hal_pwr.o
HAL_PWR_EnterSTANDBYMode                          build/debug/build/stm32c0xx_hal_pwr.o
HAL_PWR_EnterSTOPMode                             build/debug/build/stm32c0xx_hal_pwr.o
HAL_RCCEx_DisableLSCO                             build/debug/build/stm32c0xx_hal_rcc_ex.o
HAL_RCCEx_EnableLSCO                              build/debug/build/stm32c0xx_hal_rcc_ex.o
HAL_RCCEx_GetPeriphCLKConfig                      build/debug/build/stm32c0xx_hal_rcc_ex.o
HAL_RCCEx_GetPeriphCLKFreq                        build/debug/build/stm32c0xx_hal_rcc_ex.o
HAL_RCCEx_PeriphCLKConfig                         build/debug/build/stm32c0xx_hal_rcc_ex.o
                                                  build/debug/build/stm32c0xx_hal_msp.o
HAL_RCC_CSSCallback                               build/debug/build/stm32c0xx_hal_rcc.o
HAL_RCC_ClockConfig                               build/debug/build/stm32c0xx_hal_rcc.o
                                                  build/debug/build/main.o
HAL_RCC_DeInit                                    build/debug/build/stm32c0xx_hal_rcc.o
HAL_RCC_DisableLSECSS                             build/debug/build/stm32c0xx_hal_rcc.o
HAL_RCC_EnableCSS                                 build/debug/build/stm32c0xx_hal_rcc.o
HAL_RCC_EnableLSECSS                              build/debug/build/stm32c0xx_hal_rcc.o
HAL_RCC_GetClockConfig                            build/debug/build/stm32c0xx_hal_rcc.o
HAL_RCC_GetHCLKFreq                               build/debug/build/stm32c0xx_hal_rcc.o
HAL_RCC_GetOscConfig                              build/debug/build/stm32c0xx_hal_rcc.o
HAL_RCC_GetPCLK1Freq                              build/debug/build/stm32c0xx_hal_rcc.o
                                                  build/debug/build/stm32c0xx_hal_uart.o
                                                  build/debug/build/stm32c0xx_hal_rcc_ex.o
HAL_RCC_GetSysClockFreq                           build/debug/build/stm32c0xx_hal_rcc.o
                                                  build/debug/build/stm32c0xx_hal_uart.o
                                                  build/debug/build/stm32c0xx_hal_rcc_ex.o
HAL_RCC_LSECSSCallback                            build/debug/build/stm32c0xx_hal_rcc.o
HAL_RCC_MCOConfig                                 build/debug/build/stm32c0xx_hal_rcc.o
HAL_RCC_NMI_IRQHandler                            build/debug/build/stm32c0xx_hal_rcc.o
HAL_RCC_OscConfig                                 build/debug/build/stm32c0xx_hal_rcc.o
                                                  build/debug/build/main.o
HAL_RS485Ex_Init                                  build/debug/build/stm32c0xx_hal_uart_ex.o
HAL_ResumeTick                                    build/debug/build/stm32c0xx_hal.o
HAL_SYSCFG_DisableIOAnalogSwitchBooster           build/debug/build/stm32c0xx_hal.o
HAL_SYSCFG_DisableRemap                           build/debug/build/stm32c0xx_hal.o
HAL_SYSCFG_EnableIOAnalogSwitchBooster            build/debug/build/stm32c0xx_hal.o
HAL_SYSCFG_EnableRemap                            build/debug/build/stm32c0xx_hal.o
HAL_SYSCFG_GetPinBinding                          build/debug/build/stm32c0xx_hal.o
HAL_SYSCFG_SetPinBinding                          build/debug/build/stm32c0xx_hal.o
HAL_SYSTICK_CLKSourceConfig                       build/debug/build/stm32c0xx_hal_cortex.o
HAL_SYSTICK_Callback                              build/debug/build/stm32c0xx_hal_cortex.o
HAL_SYSTICK_Config                                build/debug/build/stm32c0xx_hal_cortex.o
                                                  build/debug/build/stm32c0xx_hal.o
HAL_SYSTICK_IRQHandler                            build/debug/build/stm32c0xx_hal_cortex.o
HAL_SetTickFreq                                   build/debug/build/stm32c0xx_hal.o
HAL_SuspendTick                                   build/debug/build/stm32c0xx_hal.o
HAL_UARTEx_DisableFifoMode                        build/debug/build/stm32c0xx_hal_uart_ex.o
HAL_UARTEx_DisableStopMode                        build/debug/build/stm32c0xx_hal_uart_ex.o
HAL_UARTEx_EnableFifoMode                         build/debug/build/stm32c0xx_hal_uart_ex.o
HAL_UARTEx_EnableStopMode                         build/debug/build/stm32c0xx_hal_uart_ex.o
HAL_UARTEx_GetRxEventType                         build/debug/build/stm32c0xx_hal_uart_ex.o
HAL_UARTEx_ReceiveToIdle                          build/debug/build/stm32c0xx_hal_uart_ex.o
HAL_UARTEx_ReceiveToIdle_DMA                      build/debug/build/stm32c0xx_hal_uart_ex.o
HAL_UARTEx_ReceiveToIdle_IT                       build/debug/build/stm32c0xx_hal_uart_ex.o
HAL_UARTEx_RxEventCallback                        build/debug/build/stm32c0xx_hal_uart.o
HAL_UARTEx_RxFifoFullCallback                     build/debug/build/stm32c0xx_hal_uart_ex.o
                                                  build/debug/build/stm32c0xx_hal_uart.o
HAL_UARTEx_SetRxFifoThreshold                     build/debug/build/stm32c0xx_hal_uart_ex.o
HAL_UARTEx_SetTxFifoThreshold                     build/debug/build/stm32c0xx_hal_uart_ex.o
HAL_UARTEx_StopModeWakeUpSourceConfig             build/debug/build/stm32c0xx_hal_uart_ex.o
HAL_UARTEx_TxFifoEmptyCallback                    build/debug/build/stm32c0xx_hal_uart_ex.o
                                                  build/debug/build/stm32c0xx_hal_uart.o
HAL_UARTEx_WakeupCallback                         build/debug/build/stm32c0xx_hal_uart_ex.o
                                                  build/debug/build/stm32c0xx_hal_uart.o
HAL_UART_Abort                                    build/debug/build/stm32c0xx_hal_uart.o
HAL_UART_AbortCpltCallback                        build/debug/build/stm32c0xx_hal_uart.o
HAL_UART_AbortReceive                             build/debug/build/stm32c0xx_hal_uart.o
HAL_UART_AbortReceiveCpltCallback                 build/debug/build/stm32c0xx_hal_uart.o
HAL_UART_AbortReceive_IT                          build/debug/build/stm32c0xx_hal_uart.o
HAL_UART_AbortTransmit                            build/debug/build/stm32c0xx_hal_uart.o
HAL_UART_AbortTransmitCpltCallback                build/debug/build/stm32c0xx_hal_uart.o
HAL_UART_AbortTransmit_IT                         build/debug/build/stm32c0xx_hal_uart.o
HAL_UART_Abort_IT                                 build/debug/build/stm32c0xx_hal_uart.o
HAL_UART_DMAPause                                 build/debug/build/stm32c0xx_hal_uart.o
HAL_UART_DMAResume                                build/debug/build/stm32c0xx_hal_uart.o
HAL_UART_DMAStop                                  build/debug/build/stm32c0xx_hal_uart.o
HAL_UART_DeInit                                   build/debug/build/stm32c0xx_hal_uart.o
HAL_UART_DisableReceiverTimeout                   build/debug/build/stm32c0xx_hal_uart.o
HAL_UART_EnableReceiverTimeout                    build/debug/build/stm32c0xx_hal_uart.o
HAL_UART_ErrorCallback                            build/debug/build/stm32c0xx_hal_uart.o
HAL_UART_GetError                                 build/debug/build/stm32c0xx_hal_uart.o
HAL_UART_GetState                                 build/debug/build/stm32c0xx_hal_uart.o
HAL_UART_IRQHandler                               build/debug/build/stm32c0xx_hal_uart.o
HAL_UART_Init                                     build/debug/build/stm32c0xx_hal_uart.o
                                                  build/debug/build/main.o
HAL_UART_MspDeInit                                build/debug/build/stm32c0xx_hal_msp.o
HAL_UART_MspInit                                  build/debug/build/stm32c0xx_hal_msp.o
                                                  build/debug/build/stm32c0xx_hal_uart_ex.o
HAL_UART_Receive                                  build/debug/build/stm32c0xx_hal_uart.o
HAL_UART_Receive_DMA                              build/debug/build/stm32c0xx_hal_uart.o
HAL_UART_Receive_IT                               build/debug/build/stm32c0xx_hal_uart.o
HAL_UART_ReceiverTimeout_Config                   build/debug/build/stm32c0xx_hal_uart.o
HAL_UART_RxCpltCallback                           build/debug/build/stm32c0xx_hal_uart.o
HAL_UART_RxHalfCpltCallback                       build/debug/build/stm32c0xx_hal_uart.o
HAL_UART_Transmit                                 build/debug/build/stm32c0xx_hal_uart.o
                                                  build/debug/build/LCD_I2C.o
                                                  build/debug/build/main.o
HAL_UART_Transmit_DMA                             build/debug/build/stm32c0xx_hal_uart.o
HAL_UART_Transmit_IT                              build/debug/build/stm32c0xx_hal_uart.o
HAL_UART_TxCpltCallback                           build/debug/build/stm32c0xx_hal_uart.o
HAL_UART_TxHalfCpltCallback                       build/debug/build/stm32c0xx_hal_uart.o
HardFault_Handler                                 build/debug/build/stm32c0xx_it.o
I2C1_IRQHandler                                   build/debug/build/startup_stm32c031xx.o
I2C_Scan                                          build/debug/build/LCD_I2C.o
                                                  build/debug/build/main.o
LCD_ADDR_CONFIG                                   build/debug/build/main.o
                                                  build/debug/build/LCD_I2C.o
LCD_Clear                                         build/debug/build/LCD_I2C.o
                                                  build/debug/build/main.o
LCD_Init                                          build/debug/build/LCD_I2C.o
                                                  build/debug/build/main.o
LCD_SendCommand                                   build/debug/build/LCD_I2C.o
LCD_SendData                                      build/debug/build/LCD_I2C.o
LCD_SendInternal                                  build/debug/build/LCD_I2C.o
LCD_SendString                                    build/debug/build/LCD_I2C.o
                                                  build/debug/build/main.o
LCD_SetCursor                                     build/debug/build/LCD_I2C.o
                                                  build/debug/build/main.o
LCD_ShiftText                                     build/debug/build/LCD_I2C.o
                                                  build/debug/build/main.o
NMI_Handler                                       build/debug/build/stm32c0xx_it.o
PendSV_Handler                                    build/debug/build/stm32c0xx_it.o
RCC_IRQHandler                                    build/debug/build/startup_stm32c031xx.o
RTC_IRQHandler                                    build/debug/build/startup_stm32c031xx.o
Reset_Handler                                     build/debug/build/startup_stm32c031xx.o
SPI1_IRQHandler                                   build/debug/build/startup_stm32c031xx.o
SVC_Handler                                       build/debug/build/stm32c0xx_it.o
SysTick_Handler                                   build/debug/build/stm32c0xx_it.o
SystemClock_Config                                build/debug/build/main.o
SystemCoreClock                                   build/debug/build/system_stm32c0xx.o
                                                  build/debug/build/stm32c0xx_hal_rcc.o
                                                  build/debug/build/stm32c0xx_hal.o
SystemCoreClockUpdate                             build/debug/build/system_stm32c0xx.o
SystemInit                                        build/debug/build/system_stm32c0xx.o
                                                  build/debug/build/startup_stm32c031xx.o
TIM14_IRQHandler                                  build/debug/build/startup_stm32c031xx.o
TIM16_IRQHandler                                  build/debug/build/startup_stm32c031xx.o
TIM17_IRQHandler                                  build/debug/build/startup_stm32c031xx.o
TIM1_BRK_UP_TRG_COM_IRQHandler                    build/debug/build/startup_stm32c031xx.o
TIM1_CC_IRQHandler                                build/debug/build/startup_stm32c031xx.o
TIM3_IRQHandler                                   build/debug/build/startup_stm32c031xx.o
UARTPrescTable                                    build/debug/build/stm32c0xx_hal_uart.o
UART_AdvFeatureConfig                             build/debug/build/stm32c0xx_hal_uart.o
                                                  build/debug/build/stm32c0xx_hal_uart_ex.o
UART_CheckIdleState                               build/debug/build/stm32c0xx_hal_uart.o
                                                  build/debug/build/stm32c0xx_hal_uart_ex.o
UART_SetConfig                                    build/debug/build/stm32c0xx_hal_uart.o
                                                  build/debug/build/stm32c0xx_hal_uart_ex.o
UART_Start_Receive_DMA                            build/debug/build/stm32c0xx_hal_uart.o
                                                  build/debug/build/stm32c0xx_hal_uart_ex.o
UART_Start_Receive_IT                             build/debug/build/stm32c0xx_hal_uart.o
                                                  build/debug/build/stm32c0xx_hal_uart_ex.o
UART_WaitOnFlagUntilTimeout                       build/debug/build/stm32c0xx_hal_uart.o
                                                  build/debug/build/stm32c0xx_hal_uart_ex.o
USART1_IRQHandler                                 build/debug/build/startup_stm32c031xx.o
USART2_IRQHandler                                 build/debug/build/startup_stm32c031xx.o
WWDG_IRQHandler                                   build/debug/build/startup_stm32c031xx.o
_ITM_deregisterTMCloneTable                       C:/Program Files (x86)/Arm GNU Toolchain arm-none-eabi/13.2 Rel1/bin/../lib/gcc/arm-none-eabi/13.2.1/thumb/v6-m/nofp/crtbegin.o
_ITM_registerTMCloneTable                         C:/Program Files (x86)/Arm GNU Toolchain arm-none-eabi/13.2 Rel1/bin/../lib/gcc/arm-none-eabi/13.2.1/thumb/v6-m/nofp/crtbegin.o
__TMC_END__                                       C:/Program Files (x86)/Arm GNU Toolchain arm-none-eabi/13.2 Rel1/bin/../lib/gcc/arm-none-eabi/13.2.1/thumb/v6-m/nofp/crtend.o
                                                  C:/Program Files (x86)/Arm GNU Toolchain arm-none-eabi/13.2 Rel1/bin/../lib/gcc/arm-none-eabi/13.2.1/thumb/v6-m/nofp/crtbegin.o
__aeabi_idiv                                      C:/Program Files (x86)/Arm GNU Toolchain arm-none-eabi/13.2 Rel1/bin/../lib/gcc/arm-none-eabi/13.2.1/thumb/v6-m/nofp\libgcc.a(_divsi3.o)
                                                  build/debug/build/stm32c0xx_hal_uart_ex.o
__aeabi_idiv0                                     C:/Program Files (x86)/Arm GNU Toolchain arm-none-eabi/13.2 Rel1/bin/../lib/gcc/arm-none-eabi/13.2.1/thumb/v6-m/nofp\libgcc.a(_dvmd_tls.o)
                                                  C:/Program Files (x86)/Arm GNU Toolchain arm-none-eabi/13.2 Rel1/bin/../lib/gcc/arm-none-eabi/13.2.1/thumb/v6-m/nofp\libgcc.a(_divsi3.o)
                                                  C:/Program Files (x86)/Arm GNU Toolchain arm-none-eabi/13.2 Rel1/bin/../lib/gcc/arm-none-eabi/13.2.1/thumb/v6-m/nofp\libgcc.a(_udivsi3.o)
__aeabi_idivmod                                   C:/Program Files (x86)/Arm GNU Toolchain arm-none-eabi/13.2 Rel1/bin/../lib/gcc/arm-none-eabi/13.2.1/thumb/v6-m/nofp\libgcc.a(_divsi3.o)
                                                  build/debug/build/LCD_I2C.o
__aeabi_ldiv0                                     C:/Program Files (x86)/Arm GNU Toolchain arm-none-eabi/13.2 Rel1/bin/../lib/gcc/arm-none-eabi/13.2.1/thumb/v6-m/nofp\libgcc.a(_dvmd_tls.o)
__aeabi_uidiv                                     C:/Program Files (x86)/Arm GNU Toolchain arm-none-eabi/13.2 Rel1/bin/../lib/gcc/arm-none-eabi/13.2.1/thumb/v6-m/nofp\libgcc.a(_udivsi3.o)
                                                  build/debug/build/stm32c0xx_hal_uart.o
                                                  build/debug/build/stm32c0xx_hal_dma.o
                                                  build/debug/build/stm32c0xx_hal_rcc_ex.o
                                                  build/debug/build/stm32c0xx_hal.o
__aeabi_uidivmod                                  C:/Program Files (x86)/Arm GNU Toolchain arm-none-eabi/13.2 Rel1/bin/../lib/gcc/arm-none-eabi/13.2.1/thumb/v6-m/nofp\libgcc.a(_udivsi3.o)
                                                  C:/Program Files (x86)/Arm GNU Toolchain arm-none-eabi/13.2 Rel1/bin/../lib/gcc/arm-none-eabi/13.2.1/thumb/v6-m/nofp\libc_nano.a(libc_a-nano-vfprintf_i.o)
__bss_end__                                       C:/Program Files (x86)/Arm GNU Toolchain arm-none-eabi/13.2 Rel1/bin/../lib/gcc/arm-none-eabi/13.2.1/thumb/v6-m/nofp/crt0.o
__bss_start__                                     C:/Program Files (x86)/Arm GNU Toolchain arm-none-eabi/13.2 Rel1/bin/../lib/gcc/arm-none-eabi/13.2.1/thumb/v6-m/nofp/crt0.o
__call_exitprocs                                  C:/Program Files (x86)/Arm GNU Toolchain arm-none-eabi/13.2 Rel1/bin/../lib/gcc/arm-none-eabi/13.2.1/thumb/v6-m/nofp\libc_nano.a(libc_a-exit.o)
__deregister_frame_info                           C:/Program Files (x86)/Arm GNU Toolchain arm-none-eabi/13.2 Rel1/bin/../lib/gcc/arm-none-eabi/13.2.1/thumb/v6-m/nofp/crtbegin.o
__divsi3                                          C:/Program Files (x86)/Arm GNU Toolchain arm-none-eabi/13.2 Rel1/bin/../lib/gcc/arm-none-eabi/13.2.1/thumb/v6-m/nofp\libgcc.a(_divsi3.o)
__dso_handle                                      C:/Program Files (x86)/Arm GNU Toolchain arm-none-eabi/13.2 Rel1/bin/../lib/gcc/arm-none-eabi/13.2.1/thumb/v6-m/nofp/crtbegin.o
__fp_lock_all                                     C:/Program Files (x86)/Arm GNU Toolchain arm-none-eabi/13.2 Rel1/bin/../lib/gcc/arm-none-eabi/13.2.1/thumb/v6-m/nofp\libc_nano.a(libc_a-findfp.o)
__fp_unlock_all                                   C:/Program Files (x86)/Arm GNU Toolchain arm-none-eabi/13.2 Rel1/bin/../lib/gcc/arm-none-eabi/13.2.1/thumb/v6-m/nofp\libc_nano.a(libc_a-findfp.o)
__gnu_thumb1_case_shi                             C:/Program Files (x86)/Arm GNU Toolchain arm-none-eabi/13.2 Rel1/bin/../lib/gcc/arm-none-eabi/13.2.1/thumb/v6-m/nofp\libgcc.a(_thumb1_case_shi.o)
                                                  C:/Program Files (x86)/Arm GNU Toolchain arm-none-eabi/13.2 Rel1/bin/../lib/gcc/arm-none-eabi/13.2.1/thumb/v6-m/nofp\libc_nano.a(libc_a-nano-vfprintf_i.o)
__init_array_end                                  C:/Program Files (x86)/Arm GNU Toolchain arm-none-eabi/13.2 Rel1/bin/../lib/gcc/arm-none-eabi/13.2.1/thumb/v6-m/nofp\libc_nano.a(libc_a-init.o)
__init_array_start                                C:/Program Files (x86)/Arm GNU Toolchain arm-none-eabi/13.2 Rel1/bin/../lib/gcc/arm-none-eabi/13.2.1/thumb/v6-m/nofp\libc_nano.a(libc_a-init.o)
__libc_fini_array                                 C:/Program Files (x86)/Arm GNU Toolchain arm-none-eabi/13.2 Rel1/bin/../lib/gcc/arm-none-eabi/13.2.1/thumb/v6-m/nofp/crt0.o
__libc_init_array                                 C:/Program Files (x86)/Arm GNU Toolchain arm-none-eabi/13.2 Rel1/bin/../lib/gcc/arm-none-eabi/13.2.1/thumb/v6-m/nofp\libc_nano.a(libc_a-init.o)
                                                  build/debug/build/startup_stm32c031xx.o
                                                  C:/Program Files (x86)/Arm GNU Toolchain arm-none-eabi/13.2 Rel1/bin/../lib/gcc/arm-none-eabi/13.2.1/thumb/v6-m/nofp/crt0.o
__lock___arc4random_mutex                         C:/Program Files (x86)/Arm GNU Toolchain arm-none-eabi/13.2 Rel1/bin/../lib/gcc/arm-none-eabi/13.2.1/thumb/v6-m/nofp\libc_nano.a(libc_a-lock.o)
__lock___at_quick_exit_mutex                      C:/Program Files (x86)/Arm GNU Toolchain arm-none-eabi/13.2 Rel1/bin/../lib/gcc/arm-none-eabi/13.2.1/thumb/v6-m/nofp\libc_nano.a(libc_a-lock.o)
__lock___atexit_recursive_mutex                   C:/Program Files (x86)/Arm GNU Toolchain arm-none-eabi/13.2 Rel1/bin/../lib/gcc/arm-none-eabi/13.2.1/thumb/v6-m/nofp\libc_nano.a(libc_a-lock.o)